\"06:31:46.812 chip ON op=1 dot=true tip:Your agent opened a browserExample DomainNot nowWatch  /session/pp_f62de0ec004f3bb1665266c93150e8c1\"
\"06:31:47.501 chip ON op=1 dot=true tip:Your agent opened a browserExample DomainNot nowWatch  /session/pp_f62de0ec004f3bb1665266c93150e8c1\"
\"06:31:48.192 chip ON op=1 dot=true tip:Your agent opened a browserExample DomainNot nowWatch  /session/pp_f62de0ec004f3bb1665266c93150e8c1\"
\"06:31:48.893 chip ON op=1 dot=true tip:Your agent opened a browserExample DomainNot nowWatch  /session/pp_f62de0ec004f3bb1665266c93150e8c1\"
\"06:31:49.587 chip ON op=1 dot=true tip:Your agent opened a browserExample DomainNot nowWatch  /session/pp_f62de0ec004f3bb1665266c93150e8c1\"
\"06:31:50.273 chip ON op=1 dot=true tip:Your agent opened a browserExample DomainNot nowWatch  /session/pp_f62de0ec004f3bb1665266c93150e8c1\"
\"06:31:50.998 chip ON op=1 dot=true tip:Your agent opened a browserExample DomainNot nowWatch  /session/pp_f62de0ec004f3bb1665266c93150e8c1\"
\"06:31:51.714 chip ON op=1 dot=true tip:Your agent opened a browserExample DomainNot nowWatch  /session/pp_f62de0ec004f3bb1665266c93150e8c1\"
\"06:31:52.446 chip ON op=1 dot=true tip:Your agent opened a browserExample DomainNot nowWatch  /session/pp_f62de0ec004f3bb1665266c93150e8c1\"
\"06:31:53.238 chip ON op=1 dot=true   /session/pp_f62de0ec004f3bb1665266c93150e8c1\"
\"06:31:53.976 chip ON op=1 dot=true   /session/pp_f62de0ec004f3bb1665266c93150e8c1\"
\"06:31:54.730 chip ON op=1 dot=true   /session/pp_f62de0ec004f3bb1665266c93150e8c1\"
\"06:31:55.475 chip ON op=1 dot=true   /session/pp_f62de0ec004f3bb1665266c93150e8c1\"
\"06:31:56.239 chip ON op=1 dot=true   /session/pp_f62de0ec004f3bb1665266c93150e8c1\"
\"06:31:57.017 chip ON op=1 dot=true   /session/pp_f62de0ec004f3bb1665266c93150e8c1\"
\"06:31:57.779 chip ON op=1 dot=true   /session/pp_f62de0ec004f3bb1665266c93150e8c1\"
\"06:31:58.514 chip ON op=1 dot=true   /session/pp_f62de0ec004f3bb1665266c93150e8c1\"
\"06:31:59.259 chip ON op=1 dot=true   /session/pp_f62de0ec004f3bb1665266c93150e8c1\"
\"06:32:00.010 chip ON op=1 dot=true   /session/pp_f62de0ec004f3bb1665266c93150e8c1\"
\"06:32:00.784 chip ON op=1 dot=true   /session/pp_f62de0ec004f3bb1665266c93150e8c1\"
\"06:32:01.533 chip ON op=1 dot=true   /session/pp_f62de0ec004f3bb1665266c93150e8c1\"
\"06:32:02.265 chip ON op=1 dot=true   /session/pp_f62de0ec004f3bb1665266c93150e8c1\"
\"06:32:02.998 chip ON op=1 dot=true   /session/pp_f62de0ec004f3bb1665266c93150e8c1\"
\"06:32:03.719 chip ON op=1 dot=true   /session/pp_f62de0ec004f3bb1665266c93150e8c1\"
\"06:32:04.461 chip ON op=1 dot=true   /session/pp_f62de0ec004f3bb1665266c93150e8c1\"
\"06:32:05.249 chip ON op=1 dot=true   /session/pp_f62de0ec004f3bb1665266c93150e8c1\"
\"06:32:06.056 chip ON op=1 dot=true   /session/pp_f62de0ec004f3bb1665266c93150e8c1\"
\"06:32:06.826 chip ON op=1 dot=true   /session/pp_f62de0ec004f3bb1665266c93150e8c1\"
\"06:32:07.639 chip ON op=1 dot=true   /session/pp_f62de0ec004f3bb1665266c93150e8c1\"
\"06:32:08.457 chip ON op=1 dot=true   /session/pp_f62de0ec004f3bb1665266c93150e8c1\"
\"06:32:09.302 chip ON op=1 dot=true   /session/pp_f62de0ec004f3bb1665266c93150e8c1\"
\"06:32:10.147 chip ON op=1 dot=true   /session/pp_f62de0ec004f3bb1665266c93150e8c1\"
\"06:32:10.924 chip ON op=1 dot=true   /session/pp_f62de0ec004f3bb1665266c93150e8c1\"
\"06:32:11.688 chip ON op=1 dot=true   /session/pp_f62de0ec004f3bb1665266c93150e8c1\"
\"06:32:12.439 chip ON op=1 dot=true   /session/pp_f62de0ec004f3bb1665266c93150e8c1\"
\"06:32:13.182 chip ON op=1 dot=true   /session/pp_f62de0ec004f3bb1665266c93150e8c1\"
\"06:32:13.931 chip ON op=1 dot=true   /session/pp_f62de0ec004f3bb1665266c93150e8c1\"
\"06:32:14.657 chip ON op=1 dot=true   /session/pp_f62de0ec004f3bb1665266c93150e8c1\"
\"06:32:15.400 chip ON op=1 dot=true   /session/pp_f62de0ec004f3bb1665266c93150e8c1\"
\"06:32:16.164 chip ON op=1 dot=true   /session/pp_f62de0ec004f3bb1665266c93150e8c1\"
\"06:32:16.914 chip ON op=1 dot=true   /session/pp_f62de0ec004f3bb1665266c93150e8c1\"
\"06:32:17.648 chip ON op=1 dot=true   /session/pp_f62de0ec004f3bb1665266c93150e8c1\"
\"06:32:18.404 chip ON op=1 dot=true   /session/pp_f62de0ec004f3bb1665266c93150e8c1\"
\"06:32:19.170 chip ON op=1 dot=true   /session/pp_f62de0ec004f3bb1665266c93150e8c1\"
\"06:32:19.928 chip ON op=1 dot=true   /session/pp_f62de0ec004f3bb1665266c93150e8c1\"
\"06:32:20.688 chip ON op=1 dot=true   /session/pp_f62de0ec004f3bb1665266c93150e8c1\"
\"06:32:21.439 chip ON op=1 dot=true   /session/pp_f62de0ec004f3bb1665266c93150e8c1\"
\"06:32:22.193 chip ON op=1 dot=true   /session/pp_f62de0ec004f3bb1665266c93150e8c1\"
\"06:32:22.948 chip ON op=1 dot=true   /session/pp_f62de0ec004f3bb1665266c93150e8c1\"
\"06:32:23.670 chip ON op=1 dot=true   /session/pp_f62de0ec004f3bb1665266c93150e8c1\"
\"06:32:24.432 chip ON op=1 dot=true   /session/pp_f62de0ec004f3bb1665266c93150e8c1\"
\"06:32:25.176 chip ON op=1 dot=true   /session/pp_f62de0ec004f3bb1665266c93150e8c1\"
\"06:32:25.876 chip ON op=1 dot=true   /session/pp_f62de0ec004f3bb1665266c93150e8c1\"
\"06:32:26.560 chip ON op=1 dot=true   /session/pp_f62de0ec004f3bb1665266c93150e8c1\"
\"06:32:27.243 chip ON op=1 dot=true   /session/pp_f62de0ec004f3bb1665266c93150e8c1\"
\"06:32:27.929 chip ON op=1 dot=true   /session/pp_f62de0ec004f3bb1665266c93150e8c1\"
\"06:32:28.611 chip ON op=1 dot=true   /session/pp_f62de0ec004f3bb1665266c93150e8c1\"
\"06:32:29.294 chip ON op=1 dot=true   /session/pp_f62de0ec004f3bb1665266c93150e8c1\"
\"06:32:29.972 chip ON op=1 dot=true   /session/pp_f62de0ec004f3bb1665266c93150e8c1\"
\"06:32:30.666 chip ON op=1 dot=true   /session/pp_f62de0ec004f3bb1665266c93150e8c1\"
\"06:32:31.347 chip ON op=1 dot=true   /session/pp_f62de0ec004f3bb1665266c93150e8c1\"
\"06:32:32.033 chip ON op=1 dot=true   /session/pp_f62de0ec004f3bb1665266c93150e8c1\"
\"06:32:32.722 chip ON op=1 dot=true   /session/pp_f62de0ec004f3bb1665266c93150e8c1\"
\"06:32:33.407 chip ON op=1 dot=true   /session/pp_f62de0ec004f3bb1665266c93150e8c1\"
\"06:32:34.086 chip ON op=1 dot=true   /session/pp_f62de0ec004f3bb1665266c93150e8c1\"
\"06:32:34.776 chip ON op=1 dot=true   /session/pp_f62de0ec004f3bb1665266c93150e8c1\"
\"06:32:35.458 chip ON op=1 dot=true   /session/pp_f62de0ec004f3bb1665266c93150e8c1\"
\"06:32:36.141 chip ON op=1 dot=true   /session/pp_f62de0ec004f3bb1665266c93150e8c1\"
\"06:32:36.821 chip ON op=1 dot=true   /session/pp_f62de0ec004f3bb1665266c93150e8c1\"
\"06:32:37.504 chip ON op=1 dot=true   /session/pp_f62de0ec004f3bb1665266c93150e8c1\"
\"06:32:38.186 chip ON op=1 dot=true   /session/pp_f62de0ec004f3bb1665266c93150e8c1\"
\"06:32:38.875 chip ON op=1 dot=true   /session/pp_f62de0ec004f3bb1665266c93150e8c1\"
\"06:32:39.552 chip ON op=1 dot=true   /session/pp_f62de0ec004f3bb1665266c93150e8c1\"
\"06:32:40.236 chip ON op=1 dot=true   /session/pp_f62de0ec004f3bb1665266c93150e8c1\"
\"06:32:40.916 chip ON op=1 dot=true   /session/pp_f62de0ec004f3bb1665266c93150e8c1\"
\"06:32:41.600 chip ON op=1 dot=true   /session/pp_f62de0ec004f3bb1665266c93150e8c1\"
\"06:32:42.282 chip ON op=1 dot=true   /session/pp_f62de0ec004f3bb1665266c93150e8c1\"
\"06:32:43.276 chip ON op=1 dot=true   /session/pp_f62de0ec004f3bb1665266c93150e8c1\"
\"06:32:44.259 chip ON op=1 dot=true   /session/pp_f62de0ec004f3bb1665266c93150e8c1\"
\"06:32:45.170 chip ON op=1 dot=true   /session/pp_f62de0ec004f3bb1665266c93150e8c1\"
\"06:32:46.139 chip ON op=1 dot=true   /session/pp_f62de0ec004f3bb1665266c93150e8c1\"
\"06:32:47.026 chip ON op=1 dot=true   /session/pp_f62de0ec004f3bb1665266c93150e8c1\"
\"06:32:47.820 chip ON op=1 dot=true   /session/pp_f62de0ec004f3bb1665266c93150e8c1\"
\"06:32:48.656 chip ON op=1 dot=true   /session/pp_f62de0ec004f3bb1665266c93150e8c1\"
\"06:32:49.501 chip ON op=1 dot=true   /session/pp_f62de0ec004f3bb1665266c93150e8c1\"
\"06:32:50.317 chip ON op=1 dot=true   /session/pp_f62de0ec004f3bb1665266c93150e8c1\"
\"06:32:51.319 chip ON op=1 dot=true   /session/pp_f62de0ec004f3bb1665266c93150e8c1\"
\"06:32:52.164 chip ON op=1 dot=true   /session/pp_f62de0ec004f3bb1665266c93150e8c1\"
\"06:32:53.050 chip ON op=1 dot=true   /session/pp_f62de0ec004f3bb1665266c93150e8c1\"
\"06:32:53.966 chip ON op=1 dot=true   /session/pp_f62de0ec004f3bb1665266c93150e8c1\"
\"06:32:54.749 chip ON op=1 dot=true   /session/pp_f62de0ec004f3bb1665266c93150e8c1\"
\"06:32:55.514 chip ON op=1 dot=true   /session/pp_f62de0ec004f3bb1665266c93150e8c1\"
\"06:32:56.354 chip ON op=1 dot=true   /session/pp_f62de0ec004f3bb1665266c93150e8c1\"
\"06:32:57.107 chip ON op=1 dot=true   /session/pp_f62de0ec004f3bb1665266c93150e8c1\"
\"06:32:57.864 chip ON op=1 dot=true   /session/pp_f62de0ec004f3bb1665266c93150e8c1\"
\"06:32:58.607 chip ON op=1 dot=true   /session/pp_f62de0ec004f3bb1665266c93150e8c1\"
\"06:32:59.380 chip ON op=1 dot=true   /session/pp_f62de0ec004f3bb1665266c93150e8c1\"
\"06:33:00.176 chip ON op=1 dot=true   /session/pp_f62de0ec004f3bb1665266c93150e8c1\"
\"06:33:01.179 chip ON op=1 dot=true   /session/pp_f62de0ec004f3bb1665266c93150e8c1\"
\"06:33:02.024 chip ON op=1 dot=true   /session/pp_f62de0ec004f3bb1665266c93150e8c1\"
\"06:33:02.817 chip ON op=1 dot=true   /session/pp_f62de0ec004f3bb1665266c93150e8c1\"
\"06:33:03.585 chip ON op=1 dot=true   /session/pp_f62de0ec004f3bb1665266c93150e8c1\"
\"06:33:04.386 chip ON op=1 dot=true   /session/pp_f62de0ec004f3bb1665266c93150e8c1\"
\"06:33:05.258 chip ON op=1 dot=true   /session/pp_f62de0ec004f3bb1665266c93150e8c1\"
\"06:33:06.037 chip ON op=1 dot=true   /session/pp_f62de0ec004f3bb1665266c93150e8c1\"
\"06:33:06.880 chip ON op=1 dot=true   /session/pp_f62de0ec004f3bb1665266c93150e8c1\"
\"06:33:07.651 nochip   /session/pp_f62de0ec004f3bb1665266c93150e8c1\"
\"06:33:08.434 nochip   /session/pp_f62de0ec004f3bb1665266c93150e8c1\"
\"06:33:09.187 nochip   /session/pp_f62de0ec004f3bb1665266c93150e8c1\"
\"06:33:09.956 nochip   /session/pp_f62de0ec004f3bb1665266c93150e8c1\"
\"06:33:10.688 nochip   /session/pp_f62de0ec004f3bb1665266c93150e8c1\"
\"06:33:11.406 nochip   /session/pp_f62de0ec004f3bb1665266c93150e8c1\"
\"06:33:12.135 nochip   /session/pp_f62de0ec004f3bb1665266c93150e8c1\"
\"06:33:12.856 nochip   /session/pp_f62de0ec004f3bb1665266c93150e8c1\"
\"06:33:13.577 nochip   /session/pp_f62de0ec004f3bb1665266c93150e8c1\"
\"06:33:14.310 nochip   /session/pp_f62de0ec004f3bb1665266c93150e8c1\"
\"06:33:15.050 nochip   /session/pp_f62de0ec004f3bb1665266c93150e8c1\"
\"06:33:15.799 nochip   /session/pp_f62de0ec004f3bb1665266c93150e8c1\"
\"06:33:16.897 nochip   /session/pp_f62de0ec004f3bb1665266c93150e8c1\"
\"06:33:17.935 nochip   /session/pp_f62de0ec004f3bb1665266c93150e8c1\"
\"06:33:18.832 nochip   /session/pp_f62de0ec004f3bb1665266c93150e8c1\"
\"06:33:19.766 nochip   /session/pp_f62de0ec004f3bb1665266c93150e8c1\"
\"06:33:20.633 nochip   /session/pp_f62de0ec004f3bb1665266c93150e8c1\"
\"06:33:21.479 nochip   /session/pp_f62de0ec004f3bb1665266c93150e8c1\"
\"06:33:22.577 nochip   /session/pp_f62de0ec004f3bb1665266c93150e8c1\"
\"06:33:23.488 nochip   /session/pp_f62de0ec004f3bb1665266c93150e8c1\"
\"06:33:24.495 nochip   /session/pp_f62de0ec004f3bb1665266c93150e8c1\"
\"06:33:25.299 nochip   /session/pp_f62de0ec004f3bb1665266c93150e8c1\"
\"06:33:26.225 nochip   /session/pp_f62de0ec004f3bb1665266c93150e8c1\"
\"06:33:27.177 nochip   /session/pp_f62de0ec004f3bb1665266c93150e8c1\"
\"06:33:28.228 nochip   /session/pp_f62de0ec004f3bb1665266c93150e8c1\"
\"06:33:29.089 nochip   /session/pp_f62de0ec004f3bb1665266c93150e8c1\"
\"06:33:29.979 nochip   /session/pp_f62de0ec004f3bb1665266c93150e8c1\"
\"06:33:30.891 nochip   /session/pp_f62de0ec004f3bb1665266c93150e8c1\"
\"06:33:31.733 nochip   /session/pp_f62de0ec004f3bb1665266c93150e8c1\"
\"06:33:32.655 nochip   /session/pp_f62de0ec004f3bb1665266c93150e8c1\"
\"06:33:33.463 nochip   /session/pp_f62de0ec004f3bb1665266c93150e8c1\"
\"06:33:34.550 nochip   /session/pp_f62de0ec004f3bb1665266c93150e8c1\"
\"06:33:35.520 nochip   /session/pp_f62de0ec004f3bb1665266c93150e8c1\"
\"06:33:36.394 nochip   /session/pp_f62de0ec004f3bb1665266c93150e8c1\"
\"06:33:37.141 nochip   /session/pp_f62de0ec004f3bb1665266c93150e8c1\"
\"06:33:37.888 nochip   /session/pp_f62de0ec004f3bb1665266c93150e8c1\"
\"06:33:38.649 nochip   /session/pp_f62de0ec004f3bb1665266c93150e8c1\"
\"06:33:39.361 nochip   /session/pp_f62de0ec004f3bb1665266c93150e8c1\"
\"06:33:40.073 nochip   /session/pp_f62de0ec004f3bb1665266c93150e8c1\"
\"06:33:40.829 chip ON op=1 dot=false tip:Your agent opened a browserExample DomainNot nowWatch  /session/pp_f62de0ec004f3bb1665266c93150e8c1\"
\"06:33:41.692 chip ON op=1 dot=true tip:Your agent opened a browserExample DomainNot nowWatch  /session/pp_f62de0ec004f3bb1665266c93150e8c1\"
\"06:33:42.438 chip ON op=1 dot=true tip:Your agent opened a browserExample DomainNot nowWatch  /session/pp_f62de0ec004f3bb1665266c93150e8c1\"
\"06:33:43.142 chip ON op=1 dot=true tip:Your agent opened a browserExample DomainNot nowWatch  /session/pp_f62de0ec004f3bb1665266c93150e8c1\"
\"06:33:43.858 chip ON op=1 dot=true tip:Your agent opened a browserExample DomainNot nowWatch  /session/pp_f62de0ec004f3bb1665266c93150e8c1\"
\"06:33:44.596 chip ON op=1 dot=true tip:Your agent opened a browserExample DomainNot nowWatch  /session/pp_f62de0ec004f3bb1665266c93150e8c1\"
\"06:33:45.334 chip ON op=1 dot=true tip:Your agent opened a browserExample DomainNot nowWatch  /session/pp_f62de0ec004f3bb1665266c93150e8c1\"
\"06:33:46.033 chip ON op=1 dot=true tip:Your agent opened a browserExample DomainNot nowWatch  /session/pp_f62de0ec004f3bb1665266c93150e8c1\"
\"06:33:46.739 chip ON op=1 dot=true tip:Your agent opened a browserExample DomainNot nowWatch  /session/pp_f62de0ec004f3bb1665266c93150e8c1\"
\"06:33:47.608 chip ON op=1 dot=true   /session/pp_f62de0ec004f3bb1665266c93150e8c1\"
\"06:33:48.301 chip ON op=1 dot=true   /session/pp_f62de0ec004f3bb1665266c93150e8c1\"
\"06:33:49.014 chip ON op=1 dot=true   /session/pp_f62de0ec004f3bb1665266c93150e8c1\"
\"06:33:49.700 chip ON op=1 dot=true   /session/pp_f62de0ec004f3bb1665266c93150e8c1\"
\"06:33:50.395 chip ON op=1 dot=true   /session/pp_f62de0ec004f3bb1665266c93150e8c1\"
\"06:33:51.094 chip ON op=1 dot=true   /session/pp_f62de0ec004f3bb1665266c93150e8c1\"
\"06:33:51.825 chip ON op=1 dot=true   /session/pp_f62de0ec004f3bb1665266c93150e8c1\"
\"06:33:52.540 chip ON op=1 dot=true   /session/pp_f62de0ec004f3bb1665266c93150e8c1\"
\"06:33:53.238 chip ON op=1 dot=true   /session/pp_f62de0ec004f3bb1665266c93150e8c1\"
\"06:33:53.927 chip ON op=1 dot=true   /session/pp_f62de0ec004f3bb1665266c93150e8c1\"
\"06:33:54.632 chip ON op=1 dot=true   /session/pp_f62de0ec004f3bb1665266c93150e8c1\"
\"06:33:55.369 chip ON op=1 dot=true   /session/pp_f62de0ec004f3bb1665266c93150e8c1\"
\"06:33:56.072 chip ON op=1 dot=true   /session/pp_f62de0ec004f3bb1665266c93150e8c1\"
\"06:33:56.772 chip ON op=1 dot=true   /session/pp_f62de0ec004f3bb1665266c93150e8c1\"
\"06:33:57.461 chip ON op=1 dot=true   /session/pp_f62de0ec004f3bb1665266c93150e8c1\"
\"06:33:58.177 chip ON op=1 dot=true   /session/pp_f62de0ec004f3bb1665266c93150e8c1\"
\"06:33:58.880 chip ON op=1 dot=true   /session/pp_f62de0ec004f3bb1665266c93150e8c1\"
\"06:33:59.596 chip ON op=1 dot=true   /session/pp_f62de0ec004f3bb1665266c93150e8c1\"
\"06:34:00.334 chip ON op=1 dot=true   /session/pp_f62de0ec004f3bb1665266c93150e8c1\"
\"06:34:01.052 chip ON op=1 dot=true   /session/pp_f62de0ec004f3bb1665266c93150e8c1\"
\"06:34:01.773 chip ON op=1 dot=true   /session/pp_f62de0ec004f3bb1665266c93150e8c1\"
\"06:34:02.490 chip ON op=1 dot=true   /session/pp_f62de0ec004f3bb1665266c93150e8c1\"
\"06:34:03.204 chip ON op=1 dot=true   /session/pp_f62de0ec004f3bb1665266c93150e8c1\"
\"06:34:03.926 chip ON op=1 dot=true   /session/pp_f62de0ec004f3bb1665266c93150e8c1\"
\"06:34:04.641 chip ON op=1 dot=true   /session/pp_f62de0ec004f3bb1665266c93150e8c1\"
\"06:34:05.374 chip ON op=1 dot=true   /session/pp_f62de0ec004f3bb1665266c93150e8c1\"
\"06:34:06.096 chip ON op=1 dot=true   /session/pp_f62de0ec004f3bb1665266c93150e8c1\"
\"06:34:06.814 chip ON op=1 dot=true   /session/pp_f62de0ec004f3bb1665266c93150e8c1\"
\"06:34:07.520 chip ON op=1 dot=true   /session/pp_f62de0ec004f3bb1665266c93150e8c1\"
\"06:34:08.240 chip ON op=1 dot=true   /session/pp_f62de0ec004f3bb1665266c93150e8c1\"
\"06:34:08.953 chip ON op=1 dot=true   /session/pp_f62de0ec004f3bb1665266c93150e8c1\"
\"06:34:09.716 chip ON op=1 dot=true   /session/pp_f62de0ec004f3bb1665266c93150e8c1\"
\"06:34:10.454 chip ON op=1 dot=true   /session/pp_f62de0ec004f3bb1665266c93150e8c1\"
\"06:34:11.182 chip ON op=1 dot=true   /session/pp_f62de0ec004f3bb1665266c93150e8c1\"
\"06:34:11.932 chip ON op=1 dot=true   /session/pp_f62de0ec004f3bb1665266c93150e8c1\"
\"06:34:12.674 chip ON op=1 dot=true   /session/pp_f62de0ec004f3bb1665266c93150e8c1\"
\"06:34:13.376 chip ON op=1 dot=true   /session/pp_f62de0ec004f3bb1665266c93150e8c1\"
\"06:34:14.086 chip ON op=1 dot=true   /session/pp_f62de0ec004f3bb1665266c93150e8c1\"
\"06:34:14.803 chip ON op=1 dot=true   /session/pp_f62de0ec004f3bb1665266c93150e8c1\"
\"06:34:15.521 chip ON op=1 dot=true   /session/pp_f62de0ec004f3bb1665266c93150e8c1\"
\"06:34:16.235 chip ON op=1 dot=true   /session/pp_f62de0ec004f3bb1665266c93150e8c1\"
\"06:34:16.985 chip ON op=1 dot=true   /session/pp_f62de0ec004f3bb1665266c93150e8c1\"
\"06:34:17.759 chip ON op=1 dot=true   /session/pp_f62de0ec004f3bb1665266c93150e8c1\"
\"06:34:18.617 chip ON op=1 dot=true   /session/pp_f62de0ec004f3bb1665266c93150e8c1\"
\"06:34:19.467 chip ON op=1 dot=true   /session/pp_f62de0ec004f3bb1665266c93150e8c1\"
\"06:34:20.252 chip ON op=1 dot=true   /session/pp_f62de0ec004f3bb1665266c93150e8c1\"
\"06:34:21.012 chip ON op=1 dot=true   /session/pp_f62de0ec004f3bb1665266c93150e8c1\"
\"06:34:21.765 chip ON op=1 dot=true   /session/pp_f62de0ec004f3bb1665266c93150e8c1\"
\"06:34:22.575 chip ON op=1 dot=true   /session/pp_f62de0ec004f3bb1665266c93150e8c1\"
\"06:34:23.504 chip ON op=1 dot=true   /session/pp_f62de0ec004f3bb1665266c93150e8c1\"
\"06:34:24.921 chip ON op=1 dot=true   /session/pp_f62de0ec004f3bb1665266c93150e8c1\"
\"06:34:25.929 chip ON op=1 dot=true   /session/pp_f62de0ec004f3bb1665266c93150e8c1\"
\"06:34:26.709 chip ON op=1 dot=true   /session/pp_f62de0ec004f3bb1665266c93150e8c1\"
\"06:34:27.483 chip ON op=1 dot=true   /session/pp_f62de0ec004f3bb1665266c93150e8c1\"
\"06:34:28.239 chip ON op=1 dot=true   /session/pp_f62de0ec004f3bb1665266c93150e8c1\"
\"06:34:28.987 nochip   /session/pp_f62de0ec004f3bb1665266c93150e8c1\"
\"06:34:29.774 nochip   /session/pp_f62de0ec004f3bb1665266c93150e8c1\"
\"06:34:30.636 nochip   /session/pp_f62de0ec004f3bb1665266c93150e8c1\"
\"06:34:31.363 nochip   /session/pp_f62de0ec004f3bb1665266c93150e8c1\"
\"06:34:32.066 nochip   /session/pp_f62de0ec004f3bb1665266c93150e8c1\"
\"06:34:32.758 nochip   /session/pp_f62de0ec004f3bb1665266c93150e8c1\"
\"06:34:33.460 nochip   /session/pp_f62de0ec004f3bb1665266c93150e8c1\"
\"06:34:34.182 nochip   /session/pp_f62de0ec004f3bb1665266c93150e8c1\"
\"06:34:34.886 nochip   /session/pp_f62de0ec004f3bb1665266c93150e8c1\"
\"06:34:35.584 nochip   /session/pp_f62de0ec004f3bb1665266c93150e8c1\"
\"06:34:36.274 nochip   /session/pp_f62de0ec004f3bb1665266c93150e8c1\"
\"06:34:36.978 nochip   /session/pp_f62de0ec004f3bb1665266c93150e8c1\"
\"06:34:37.705 nochip   /session/pp_f62de0ec004f3bb1665266c93150e8c1\"
\"06:34:38.419 nochip   /session/pp_f62de0ec004f3bb1665266c93150e8c1\"
\"06:34:39.156 nochip   /session/pp_f62de0ec004f3bb1665266c93150e8c1\"
\"06:34:39.872 nochip   /session/pp_f62de0ec004f3bb1665266c93150e8c1\"
\"06:34:40.587 nochip   /session/pp_f62de0ec004f3bb1665266c93150e8c1\"
\"06:34:41.281 nochip   /session/pp_f62de0ec004f3bb1665266c93150e8c1\"
\"06:34:41.974 nochip   /session/pp_f62de0ec004f3bb1665266c93150e8c1\"
\"06:34:42.694 nochip   /session/pp_f62de0ec004f3bb1665266c93150e8c1\"
\"06:34:43.400 nochip   /session/pp_f62de0ec004f3bb1665266c93150e8c1\"
\"06:34:44.109 nochip   /session/pp_f62de0ec004f3bb1665266c93150e8c1\"
\"06:34:44.803 nochip   /session/pp_f62de0ec004f3bb1665266c93150e8c1\"
\"06:34:45.491 nochip   /session/pp_f62de0ec004f3bb1665266c93150e8c1\"
\"06:34:46.175 nochip   /session/pp_f62de0ec004f3bb1665266c93150e8c1\"
\"06:34:46.877 nochip   /session/pp_f62de0ec004f3bb1665266c93150e8c1\"
\"06:34:47.563 nochip   /session/pp_f62de0ec004f3bb1665266c93150e8c1\"
\"06:34:48.252 nochip   /session/pp_f62de0ec004f3bb1665266c93150e8c1\"
\"06:34:48.935 nochip   /session/pp_f62de0ec004f3bb1665266c93150e8c1\"
\"06:34:49.619 nochip   /session/pp_f62de0ec004f3bb1665266c93150e8c1\"
\"06:34:50.302 nochip   /session/pp_f62de0ec004f3bb1665266c93150e8c1\"
\"06:34:50.989 nochip   /session/pp_f62de0ec004f3bb1665266c93150e8c1\"
\"06:34:51.688 nochip   /session/pp_f62de0ec004f3bb1665266c93150e8c1\"
\"06:34:52.378 nochip   /session/pp_f62de0ec004f3bb1665266c93150e8c1\"
\"06:34:53.068 nochip   /session/pp_f62de0ec004f3bb1665266c93150e8c1\"
\"06:34:54.384 chip DIM op=0.5 dot=false   /session/pp_f62de0ec004f3bb1665266c93150e8c1\"
\"06:34:55.129 chip DIM op=0.5 dot=false  status:Reconnect terminal. terminal: link refused the pane stream /session/pp_f62de0ec004f3bb1665266c93150e8c1\"
\"06:34:55.861 chip DIM op=0.5 dot=false  status:Reconnect terminal. terminal: link refused the pane stream /session/pp_f62de0ec004f3bb1665266c93150e8c1\"
\"06:34:56.590 chip DIM op=0.5 dot=false  status:Reconnect terminal. terminal: link refused the pane stream /session/pp_f62de0ec004f3bb1665266c93150e8c1\"
\"06:34:57.323 chip DIM op=0.5 dot=false  status:Reconnect terminal. terminal: link refused the pane stream /session/pp_f62de0ec004f3bb1665266c93150e8c1\"
\"06:34:58.082 chip DIM op=0.5 dot=false  status:Reconnect terminal. terminal: link refused the pane stream /session/pp_f62de0ec004f3bb1665266c93150e8c1\"
\"06:34:58.796 chip DIM op=0.5 dot=false  status:Reconnect terminal. terminal: link refused the pane stream /session/pp_f62de0ec004f3bb1665266c93150e8c1\"
\"06:34:59.484 chip DIM op=0.5 dot=false  status:Reconnect terminal. terminal: link refused the pane stream /session/pp_f62de0ec004f3bb1665266c93150e8c1\"
\"06:35:00.195 chip DIM op=0.5 dot=false  status:Reconnect terminal. terminal: link refused the pane stream /session/pp_f62de0ec004f3bb1665266c93150e8c1\"
\"06:35:01.346 chip ON op=1 dot=true tip:Your agent opened a browserExample DomainNot nowWatch  /session/pp_f62de0ec004f3bb1665266c93150e8c1\"
\"06:35:02.031 chip ON op=1 dot=true tip:Your agent opened a browserExample DomainNot nowWatch  /session/pp_f62de0ec004f3bb1665266c93150e8c1\"
\"06:35:02.721 chip ON op=1 dot=true tip:Your agent opened a browserExample DomainNot nowWatch  /session/pp_f62de0ec004f3bb1665266c93150e8c1\"
\"06:35:03.420 chip ON op=1 dot=true tip:Your agent opened a browserExample DomainNot nowWatch  /session/pp_f62de0ec004f3bb1665266c93150e8c1\"
\"06:35:04.098 chip ON op=1 dot=true tip:Your agent opened a browserExample DomainNot nowWatch  /session/pp_f62de0ec004f3bb1665266c93150e8c1\"
\"06:35:04.775 chip ON op=1 dot=true tip:Your agent opened a browserExample DomainNot nowWatch  /session/pp_f62de0ec004f3bb1665266c93150e8c1\"
\"06:35:05.451 chip ON op=1 dot=true tip:Your agent opened a browserExample DomainNot nowWatch  /session/pp_f62de0ec004f3bb1665266c93150e8c1\"
\"06:35:06.132 chip ON op=1 dot=true tip:Your agent opened a browserExample DomainNot nowWatch  /session/pp_f62de0ec004f3bb1665266c93150e8c1\"
\"06:35:06.806 chip ON op=1 dot=true tip:Your agent opened a browserExample DomainNot nowWatch  /session/pp_f62de0ec004f3bb1665266c93150e8c1\"
\"06:35:07.488 chip ON op=1 dot=true   /session/pp_f62de0ec004f3bb1665266c93150e8c1\"
\"06:35:08.166 chip ON op=1 dot=true   /session/pp_f62de0ec004f3bb1665266c93150e8c1\"
\"06:35:08.845 chip ON op=1 dot=true   /session/pp_f62de0ec004f3bb1665266c93150e8c1\"
\"06:35:09.527 chip ON op=1 dot=true   /session/pp_f62de0ec004f3bb1665266c93150e8c1\"
\"06:35:10.223 chip ON op=1 dot=true   /session/pp_f62de0ec004f3bb1665266c93150e8c1\"
\"06:35:10.906 chip ON op=1 dot=true   /session/pp_f62de0ec004f3bb1665266c93150e8c1\"
\"06:35:11.593 chip ON op=1 dot=true   /session/pp_f62de0ec004f3bb1665266c93150e8c1\"
\"06:35:12.283 chip ON op=1 dot=true   /session/pp_f62de0ec004f3bb1665266c93150e8c1\"
\"06:35:12.974 chip ON op=1 dot=true   /session/pp_f62de0ec004f3bb1665266c93150e8c1\"
\"06:35:13.713 chip ON op=1 dot=true   /session/pp_f62de0ec004f3bb1665266c93150e8c1\"
\"06:35:14.612 chip ON op=1 dot=true   /session/pp_f62de0ec004f3bb1665266c93150e8c1\"
\"06:35:15.450 chip ON op=1 dot=true   /session/pp_f62de0ec004f3bb1665266c93150e8c1\"
\"06:35:16.224 chip ON op=1 dot=true   /session/pp_f62de0ec004f3bb1665266c93150e8c1\"
\"06:35:17.119 chip ON op=1 dot=true   /session/pp_f62de0ec004f3bb1665266c93150e8c1\"
\"06:35:17.945 chip ON op=1 dot=true   /session/pp_f62de0ec004f3bb1665266c93150e8c1\"
\"06:35:18.733 chip ON op=1 dot=true   /session/pp_f62de0ec004f3bb1665266c93150e8c1\"
\"06:35:19.492 chip ON op=1 dot=true   /session/pp_f62de0ec004f3bb1665266c93150e8c1\"
\"06:35:20.475 chip ON op=1 dot=true   /session/pp_f62de0ec004f3bb1665266c93150e8c1?desktop=preview\"
\"06:35:21.598 chip ON op=1 dot=true   /session/pp_f62de0ec004f3bb1665266c93150e8c1?desktop=preview\"
\"06:35:22.465 chip ON op=1 dot=true   /session/pp_f62de0ec004f3bb1665266c93150e8c1?desktop=preview\"
\"06:35:23.243 chip ON op=1 dot=true   /session/pp_f62de0ec004f3bb1665266c93150e8c1?desktop=preview\"
\"06:35:24.082 chip ON op=1 dot=true   /session/pp_f62de0ec004f3bb1665266c93150e8c1?desktop=preview\"
\"06:35:25.057 chip ON op=1 dot=true   /session/pp_f62de0ec004f3bb1665266c93150e8c1?desktop=preview\"
\"06:35:26.087 chip ON op=1 dot=true   /session/pp_f62de0ec004f3bb1665266c93150e8c1?desktop=preview\"
\"06:35:27.167 chip ON op=1 dot=true   /session/pp_f62de0ec004f3bb1665266c93150e8c1?desktop=preview\"
\"06:35:28.347 chip ON op=1 dot=true   /session/pp_f62de0ec004f3bb1665266c93150e8c1?desktop=preview\"
\"06:35:29.853 chip ON op=1 dot=true   /session/pp_f62de0ec004f3bb1665266c93150e8c1?desktop=preview\"
\"06:35:30.854 chip ON op=1 dot=true   /session/pp_f62de0ec004f3bb1665266c93150e8c1?desktop=preview\"
\"06:35:31.775 chip ON op=1 dot=true   /session/pp_f62de0ec004f3bb1665266c93150e8c1?desktop=preview\"
\"06:35:32.671 chip ON op=1 dot=true   /session/pp_f62de0ec004f3bb1665266c93150e8c1?desktop=preview\"
\"06:35:33.397 chip ON op=1 dot=true   /session/pp_f62de0ec004f3bb1665266c93150e8c1?desktop=preview\"
\"06:35:34.211 chip ON op=1 dot=true   /session/pp_f62de0ec004f3bb1665266c93150e8c1?desktop=preview\"
\"06:35:35.378 chip ON op=1 dot=true   /session/pp_f62de0ec004f3bb1665266c93150e8c1?desktop=preview\"
\"06:35:36.195 chip ON op=1 dot=true   /session/pp_f62de0ec004f3bb1665266c93150e8c1?desktop=preview\"
\"06:35:41.794 chip ON op=1 dot=true   /session/pp_f62de0ec004f3bb1665266c93150e8c1?desktop=preview\"
\"06:35:42.992 chip ON op=1 dot=true   /session/pp_f62de0ec004f3bb1665266c93150e8c1?desktop=preview\"
\"06:35:44.081 chip ON op=1 dot=true   /session/pp_f62de0ec004f3bb1665266c93150e8c1?desktop=preview\"
\"06:35:45.224 chip ON op=1 dot=true   /session/pp_f62de0ec004f3bb1665266c93150e8c1?desktop=preview\"
\"06:35:46.231 chip ON op=1 dot=true   /session/pp_f62de0ec004f3bb1665266c93150e8c1?desktop=preview\"
\"06:35:47.404 chip ON op=1 dot=true   /session/pp_f62de0ec004f3bb1665266c93150e8c1?desktop=preview\"
\"06:35:48.095 chip ON op=1 dot=true   /session/pp_f62de0ec004f3bb1665266c93150e8c1?desktop=preview\"
\"06:35:48.828 chip ON op=1 dot=true   /session/pp_f62de0ec004f3bb1665266c93150e8c1?desktop=preview\"
\"06:35:49.667 chip ON op=1 dot=true   /session/pp_f62de0ec004f3bb1665266c93150e8c1?desktop=preview\"
\"06:35:50.435 chip ON op=1 dot=true   /session/pp_f62de0ec004f3bb1665266c93150e8c1?desktop=preview\"
\"06:35:51.389 chip ON op=1 dot=true   /session/pp_f62de0ec004f3bb1665266c93150e8c1?desktop=preview\"
\"06:35:52.152 chip ON op=1 dot=true   /session/pp_f62de0ec004f3bb1665266c93150e8c1?desktop=preview\"
\"06:35:52.961 chip ON op=1 dot=true   /session/pp_f62de0ec004f3bb1665266c93150e8c1?desktop=preview\"
\"06:35:58.497 chip ON op=1 dot=true   /session/pp_f62de0ec004f3bb1665266c93150e8c1?desktop=preview\"
\"06:35:59.475 chip ON op=1 dot=true   /session/pp_f62de0ec004f3bb1665266c93150e8c1?desktop=preview\"
\"06:36:00.489 chip ON op=1 dot=true   /session/pp_f62de0ec004f3bb1665266c93150e8c1?desktop=preview\"
\"06:36:01.780 chip ON op=1 dot=true   /session/pp_f62de0ec004f3bb1665266c93150e8c1?desktop=preview\"
\"06:36:02.700 chip ON op=1 dot=true   /session/pp_f62de0ec004f3bb1665266c93150e8c1?desktop=preview\"
\"06:36:03.723 chip ON op=1 dot=true   /session/pp_f62de0ec004f3bb1665266c93150e8c1?desktop=preview\"
\"06:36:04.829 chip ON op=1 dot=true   /session/pp_f62de0ec004f3bb1665266c93150e8c1?desktop=preview\"
\"06:36:05.798 chip ON op=1 dot=true   /session/pp_f62de0ec004f3bb1665266c93150e8c1?desktop=preview\"
\"06:36:06.696 chip ON op=1 dot=true   /session/pp_f62de0ec004f3bb1665266c93150e8c1?desktop=preview\"
\"06:36:07.480 chip ON op=1 dot=true   /session/pp_f62de0ec004f3bb1665266c93150e8c1?desktop=preview\"
\"06:36:08.350 chip ON op=1 dot=true   /session/pp_f62de0ec004f3bb1665266c93150e8c1?desktop=preview\"
\"06:36:09.204 chip ON op=1 dot=true   /session/pp_f62de0ec004f3bb1665266c93150e8c1?desktop=preview\"
\"06:36:10.053 chip ON op=1 dot=true   /session/pp_f62de0ec004f3bb1665266c93150e8c1?desktop=preview\"
\"06:36:11.356 chip ON op=1 dot=true   /session/pp_f62de0ec004f3bb1665266c93150e8c1?desktop=0\"
\"06:36:12.173 chip ON op=1 dot=true   /session/pp_f62de0ec004f3bb1665266c93150e8c1?desktop=0\"
\"06:36:12.987 chip ON op=1 dot=true   /session/pp_f62de0ec004f3bb1665266c93150e8c1?desktop=0\"
\"06:36:13.820 chip ON op=1 dot=true   /session/pp_f62de0ec004f3bb1665266c93150e8c1?desktop=0\"
\"06:36:14.631 chip ON op=1 dot=true   /session/pp_f62de0ec004f3bb1665266c93150e8c1?desktop=0\"
\"06:36:15.467 chip ON op=1 dot=true   /session/pp_f62de0ec004f3bb1665266c93150e8c1?desktop=0\"
\"06:36:16.554 chip ON op=1 dot=true   /session/pp_f62de0ec004f3bb1665266c93150e8c1?desktop=0\"
\"06:36:17.471 chip ON op=1 dot=true   /session/pp_f62de0ec004f3bb1665266c93150e8c1?desktop=0\"
\"06:36:18.442 chip ON op=1 dot=true   /session/pp_f62de0ec004f3bb1665266c93150e8c1?desktop=0\"
\"06:36:19.308 chip ON op=1 dot=true   /session/pp_f62de0ec004f3bb1665266c93150e8c1?desktop=0\"
\"06:36:20.363 chip ON op=1 dot=true   /session/pp_f62de0ec004f3bb1665266c93150e8c1?desktop=0\"
\"06:36:21.486 chip ON op=1 dot=true   /session/pp_f62de0ec004f3bb1665266c93150e8c1?desktop=0\"
\"06:36:22.244 chip ON op=1 dot=true   /session/pp_f62de0ec004f3bb1665266c93150e8c1?desktop=0\"
\"06:36:23.009 chip ON op=1 dot=true   /session/pp_f62de0ec004f3bb1665266c93150e8c1?desktop=0\"
\"06:36:23.747 chip ON op=1 dot=true   /session/pp_f62de0ec004f3bb1665266c93150e8c1?desktop=0\"
\"06:36:24.543 chip ON op=1 dot=true   /session/pp_f62de0ec004f3bb1665266c93150e8c1?desktop=0\"
\"06:36:25.295 chip ON op=1 dot=true   /session/pp_f62de0ec004f3bb1665266c93150e8c1?desktop=0\"
\"06:36:26.046 chip ON op=1 dot=true   /session/pp_f62de0ec004f3bb1665266c93150e8c1?desktop=0\"
\"06:36:26.764 chip ON op=1 dot=true   /session/pp_f62de0ec004f3bb1665266c93150e8c1?desktop=0\"
\"06:36:27.471 chip ON op=1 dot=true   /session/pp_f62de0ec004f3bb1665266c93150e8c1?desktop=0\"
\"06:36:28.174 chip ON op=1 dot=true   /session/pp_f62de0ec004f3bb1665266c93150e8c1?desktop=0\"
\"06:36:28.894 chip ON op=1 dot=true   /session/pp_f62de0ec004f3bb1665266c93150e8c1?desktop=0\"
\"06:36:29.667 nochip   /?id=pp_f62de0ec004f3bb1665266c93150e8c1\"
\"06:36:30.924 nochip   /?id=pp_f62de0ec004f3bb1665266c93150e8c1\"
\"06:36:32.179 nochip   /?id=pp_f62de0ec004f3bb1665266c93150e8c1\"
\"06:36:32.905 nochip   /?id=pp_f62de0ec004f3bb1665266c93150e8c1\"
\"06:36:33.924 nochip   /?id=pp_f62de0ec004f3bb1665266c93150e8c1\"
\"06:36:34.686 nochip   /?id=pp_f62de0ec004f3bb1665266c93150e8c1\"
\"06:36:35.383 nochip   /?id=pp_f62de0ec004f3bb1665266c93150e8c1\"
\"06:36:36.078 nochip   /?id=pp_f62de0ec004f3bb1665266c93150e8c1\"
\"06:36:36.781 nochip   /?id=pp_f62de0ec004f3bb1665266c93150e8c1\"
\"06:36:37.499 nochip   /?id=pp_f62de0ec004f3bb1665266c93150e8c1\"
\"06:36:38.218 nochip   /?id=pp_f62de0ec004f3bb1665266c93150e8c1\"
\"06:36:38.965 nochip   /?id=pp_f62de0ec004f3bb1665266c93150e8c1\"
\"06:36:39.708 nochip   /?id=pp_f62de0ec004f3bb1665266c93150e8c1\"
\"06:36:40.462 nochip   /?id=pp_f62de0ec004f3bb1665266c93150e8c1\"
\"06:36:41.225 nochip   /?id=pp_f62de0ec004f3bb1665266c93150e8c1\"
\"06:36:42.024 nochip   /?id=pp_f62de0ec004f3bb1665266c93150e8c1\"
\"06:36:42.930 nochip   /?id=pp_f62de0ec004f3bb1665266c93150e8c1\"
\"06:36:43.723 nochip   /?id=pp_f62de0ec004f3bb1665266c93150e8c1\"
\"06:36:44.631 nochip   /?id=pp_f62de0ec004f3bb1665266c93150e8c1\"
\"06:36:45.450 nochip   /?id=pp_f62de0ec004f3bb1665266c93150e8c1\"
\"06:36:46.280 nochip   /?id=pp_f62de0ec004f3bb1665266c93150e8c1\"
\"06:36:47.164 nochip   /?id=pp_f62de0ec004f3bb1665266c93150e8c1\"
\"06:36:47.910 nochip   /?id=pp_f62de0ec004f3bb1665266c93150e8c1\"
\"06:36:48.694 nochip   /?id=pp_f62de0ec004f3bb1665266c93150e8c1\"
\"06:36:49.447 nochip   /?id=pp_f62de0ec004f3bb1665266c93150e8c1\"
\"06:36:50.524 nochip   /?id=pp_f62de0ec004f3bb1665266c93150e8c1\"
\"06:36:51.368 nochip   /?id=pp_f62de0ec004f3bb1665266c93150e8c1\"
\"06:36:52.265 nochip   /?id=pp_f62de0ec004f3bb1665266c93150e8c1\"
\"06:36:52.984 nochip   /?id=pp_f62de0ec004f3bb1665266c93150e8c1\"
\"06:36:53.707 nochip   /?id=pp_f62de0ec004f3bb1665266c93150e8c1\"
\"06:36:54.494 nochip   /?id=pp_f62de0ec004f3bb1665266c93150e8c1\"
\"06:36:56.031 nochip   /?id=pp_f62de0ec004f3bb1665266c93150e8c1\"
\"06:36:56.793 nochip   /?id=pp_f62de0ec004f3bb1665266c93150e8c1\"
\"06:36:57.489 nochip   /?id=pp_f62de0ec004f3bb1665266c93150e8c1\"
\"06:36:58.190 nochip   /?id=pp_f62de0ec004f3bb1665266c93150e8c1\"
\"06:36:58.909 nochip   /?id=pp_f62de0ec004f3bb1665266c93150e8c1\"
\"06:36:59.928 nochip   /?id=pp_f62de0ec004f3bb1665266c93150e8c1\"
\"06:37:00.627 nochip   /?id=pp_f62de0ec004f3bb1665266c93150e8c1\"
\"06:37:01.349 nochip   /?id=pp_f62de0ec004f3bb1665266c93150e8c1\"
\"06:37:02.054 nochip   /?id=pp_f62de0ec004f3bb1665266c93150e8c1\"
\"06:37:02.880 nochip   /session/pp_f62de0ec004f3bb1665266c93150e8c1\"
\"06:37:03.676 nochip   /session/pp_f62de0ec004f3bb1665266c93150e8c1\"
\"06:37:04.508 chip DIM op=0.5 dot=false   /session/pp_f62de0ec004f3bb1665266c93150e8c1\"
\"06:37:05.184 chip DIM op=0.5 dot=false  status:Reconnect terminal. terminal: link refused the pane stream /session/pp_f62de0ec004f3bb1665266c93150e8c1\"
\"06:37:05.880 chip DIM op=0.5 dot=false  status:Reconnect terminal. terminal: link refused the pane stream /session/pp_f62de0ec004f3bb1665266c93150e8c1\"
\"06:37:06.607 chip DIM op=0.5 dot=false  status:Reconnect terminal. terminal: link refused the pane stream /session/pp_f62de0ec004f3bb1665266c93150e8c1\"
\"06:37:07.319 chip DIM op=0.5 dot=false  status:Reconnect terminal. terminal: link refused the pane stream /session/pp_f62de0ec004f3bb1665266c93150e8c1\"
\"06:37:08.202 chip DIM op=0.5 dot=false  status:Reconnect terminal. terminal: link refused the pane stream /session/pp_f62de0ec004f3bb1665266c93150e8c1\"
\"06:37:09.111 chip DIM op=0.5 dot=false  status:Reconnect terminal. terminal: link refused the pane stream /session/pp_f62de0ec004f3bb1665266c93150e8c1\"
\"06:37:10.117 chip ON op=1 dot=true tip:Your agent opened a browserExample DomainNot nowWatch  /session/pp_f62de0ec004f3bb1665266c93150e8c1\"
\"06:37:10.830 chip ON op=1 dot=true tip:Your agent opened a browserExample DomainNot nowWatch  /session/pp_f62de0ec004f3bb1665266c93150e8c1\"
\"06:37:11.544 chip ON op=1 dot=true tip:Your agent opened a browserExample DomainNot nowWatch  /session/pp_f62de0ec004f3bb1665266c93150e8c1\"
\"06:37:12.252 chip ON op=1 dot=true tip:Your agent opened a browserExample DomainNot nowWatch  /session/pp_f62de0ec004f3bb1665266c93150e8c1\"
\"06:37:12.942 chip ON op=1 dot=true tip:Your agent opened a browserExample DomainNot nowWatch  /session/pp_f62de0ec004f3bb1665266c93150e8c1\"
\"06:37:13.655 chip ON op=1 dot=true tip:Your agent opened a browserExample DomainNot nowWatch  /session/pp_f62de0ec004f3bb1665266c93150e8c1\"
\"06:37:14.356 chip ON op=1 dot=true tip:Your agent opened a browserExample DomainNot nowWatch  /session/pp_f62de0ec004f3bb1665266c93150e8c1\"
\"06:37:15.077 chip ON op=1 dot=true tip:Your agent opened a browserExample DomainNot nowWatch  /session/pp_f62de0ec004f3bb1665266c93150e8c1\"
\"06:37:16.092 chip ON op=1 dot=true   /session/pp_f62de0ec004f3bb1665266c93150e8c1\"
\"06:37:16.817 chip ON op=1 dot=true   /session/pp_f62de0ec004f3bb1665266c93150e8c1\"
\"06:37:17.526 chip ON op=1 dot=true   /session/pp_f62de0ec004f3bb1665266c93150e8c1\"
\"06:37:18.224 chip ON op=1 dot=true   /session/pp_f62de0ec004f3bb1665266c93150e8c1\"
\"06:37:18.935 chip ON op=1 dot=true   /session/pp_f62de0ec004f3bb1665266c93150e8c1\"
\"06:37:19.658 chip ON op=1 dot=true   /session/pp_f62de0ec004f3bb1665266c93150e8c1\"
\"06:37:20.374 chip ON op=1 dot=true   /session/pp_f62de0ec004f3bb1665266c93150e8c1\"
\"06:37:21.088 chip ON op=1 dot=true   /session/pp_f62de0ec004f3bb1665266c93150e8c1\"
\"06:37:21.820 chip ON op=1 dot=true   /session/pp_f62de0ec004f3bb1665266c93150e8c1\"
\"06:37:22.583 chip ON op=1 dot=true   /session/pp_f62de0ec004f3bb1665266c93150e8c1\"
\"06:37:23.302 chip ON op=1 dot=true   /session/pp_f62de0ec004f3bb1665266c93150e8c1\"
\"06:37:24.042 chip ON op=1 dot=true   /session/pp_f62de0ec004f3bb1665266c93150e8c1\"
\"06:37:24.783 chip ON op=1 dot=true   /session/pp_f62de0ec004f3bb1665266c93150e8c1\"
\"06:37:25.524 chip ON op=1 dot=true   /session/pp_f62de0ec004f3bb1665266c93150e8c1\"
\"06:37:26.390 chip DIM op=0.5 dot=false  status:Reconnect terminal. reconnecting /session/pp_f62de0ec004f3bb1665266c93150e8c1\"
\"06:37:27.125 chip DIM op=0.5 dot=false  status:Reconnect terminal. reconnecting /session/pp_f62de0ec004f3bb1665266c93150e8c1\"
\"06:37:27.868 chip DIM op=0.5 dot=false  status:Reconnect terminal. reconnecting /session/pp_f62de0ec004f3bb1665266c93150e8c1\"
\"06:37:28.567 chip DIM op=0.5 dot=false  status:Reconnect terminal. reconnecting /session/pp_f62de0ec004f3bb1665266c93150e8c1\"
\"06:37:29.253 chip DIM op=0.5 dot=false  status:Reconnect terminal. reconnecting /session/pp_f62de0ec004f3bb1665266c93150e8c1\"
\"06:37:29.957 chip DIM op=0.5 dot=false  status:Reconnect terminal. reconnecting /session/pp_f62de0ec004f3bb1665266c93150e8c1\"
\"06:37:30.662 chip DIM op=0.5 dot=false  status:Reconnect terminal. reconnecting /session/pp_f62de0ec004f3bb1665266c93150e8c1\"
\"06:37:31.375 chip DIM op=0.5 dot=false  status:Reconnect terminal. reconnecting /session/pp_f62de0ec004f3bb1665266c93150e8c1\"
\"06:37:32.088 chip DIM op=0.5 dot=false  status:Reconnect terminal. reconnecting /session/pp_f62de0ec004f3bb1665266c93150e8c1\"
\"06:37:32.792 chip DIM op=0.5 dot=false  status:Reconnect terminal. reconnecting /session/pp_f62de0ec004f3bb1665266c93150e8c1\"
\"06:37:33.491 chip DIM op=0.5 dot=false  status:Reconnect terminal. reconnecting /session/pp_f62de0ec004f3bb1665266c93150e8c1\"
\"06:37:34.349 chip DIM op=0.5 dot=false  status:Reconnect terminal. reconnecting /session/pp_f62de0ec004f3bb1665266c93150e8c1\"
\"06:37:39.574 chip DIM op=0.5 dot=false  status:Reconnect terminal. reconnecting /session/pp_f62de0ec004f3bb1665266c93150e8c1\"
\"06:37:40.290 chip DIM op=0.5 dot=false  status:Reconnect terminal. reconnecting /session/pp_f62de0ec004f3bb1665266c93150e8c1\"
\"06:37:41.004 chip DIM op=0.5 dot=false  status:Reconnect terminal. reconnecting /session/pp_f62de0ec004f3bb1665266c93150e8c1\"
\"06:37:41.753 chip DIM op=0.5 dot=false  status:Reconnect terminal. reconnecting /session/pp_f62de0ec004f3bb1665266c93150e8c1\"
\"06:37:42.493 chip DIM op=0.5 dot=false  status:Reconnect terminal. reconnecting|Reconnecting… /session/pp_f62de0ec004f3bb1665266c93150e8c1\"
\"06:37:43.211 chip DIM op=0.5 dot=false  status:Reconnect terminal. reconnecting|Reconnecting… /session/pp_f62de0ec004f3bb1665266c93150e8c1\"
\"06:37:43.920 chip DIM op=0.5 dot=false  status:Reconnect terminal. reconnecting|Reconnecting… /session/pp_f62de0ec004f3bb1665266c93150e8c1\"
\"06:37:44.625 chip DIM op=0.5 dot=false  status:Reconnect terminal. reconnecting|Reconnecting… /session/pp_f62de0ec004f3bb1665266c93150e8c1\"
\"06:37:45.324 chip DIM op=0.5 dot=false  status:Reconnect terminal. reconnecting|Reconnecting… /session/pp_f62de0ec004f3bb1665266c93150e8c1\"
\"06:37:46.028 nochip  status:Reconnect terminal. reconnecting /session/pp_f62de0ec004f3bb1665266c93150e8c1\"
\"06:37:46.816 nochip  status:Reconnect terminal. reconnecting /session/pp_f62de0ec004f3bb1665266c93150e8c1\"
\"06:37:47.511 nochip  status:Reconnect terminal. reconnecting /session/pp_f62de0ec004f3bb1665266c93150e8c1\"
\"06:37:48.210 nochip  status:Reconnect terminal. reconnecting /session/pp_f62de0ec004f3bb1665266c93150e8c1\"
\"06:37:48.906 nochip  status:Reconnect terminal. reconnecting /session/pp_f62de0ec004f3bb1665266c93150e8c1\"
\"06:37:49.597 nochip  status:Reconnect terminal. reconnecting /session/pp_f62de0ec004f3bb1665266c93150e8c1\"
\"06:37:50.295 nochip  status:Reconnect terminal. reconnecting /session/pp_f62de0ec004f3bb1665266c93150e8c1\"
\"06:37:50.996 nochip  status:Reconnect terminal. reconnecting /session/pp_f62de0ec004f3bb1665266c93150e8c1\"
\"06:37:51.709 nochip  status:Reconnect terminal. reconnecting /session/pp_f62de0ec004f3bb1665266c93150e8c1\"
\"06:37:52.400 nochip  status:Reconnect terminal. reconnecting /session/pp_f62de0ec004f3bb1665266c93150e8c1\"
\"06:37:53.228 nochip  status:Reconnect terminal. reconnecting /session/pp_f62de0ec004f3bb1665266c93150e8c1\"
\"06:37:54.017 nochip  status:Reconnect terminal. reconnecting /session/pp_f62de0ec004f3bb1665266c93150e8c1\"
\"06:37:54.723 nochip  status:Reconnect terminal. reconnecting /session/pp_f62de0ec004f3bb1665266c93150e8c1\"
\"06:37:55.457 nochip  status:Reconnect terminal. reconnecting /session/pp_f62de0ec004f3bb1665266c93150e8c1\"
\"06:37:56.202 nochip  status:Reconnect terminal. reconnecting /session/pp_f62de0ec004f3bb1665266c93150e8c1\"
\"06:37:56.948 nochip  status:Reconnect terminal. reconnecting /session/pp_f62de0ec004f3bb1665266c93150e8c1\"
\"06:37:57.659 nochip  status:Reconnect terminal. reconnecting /session/pp_f62de0ec004f3bb1665266c93150e8c1\"
\"06:37:58.375 nochip  status:Reconnect terminal. reconnecting /session/pp_f62de0ec004f3bb1665266c93150e8c1\"
\"06:37:59.090 nochip  status:Reconnect terminal. reconnecting /session/pp_f62de0ec004f3bb1665266c93150e8c1\"
\"06:37:59.843 nochip  status:Reconnect terminal. reconnecting /session/pp_f62de0ec004f3bb1665266c93150e8c1\"
\"06:38:00.592 nochip  status:Reconnect terminal. reconnecting /session/pp_f62de0ec004f3bb1665266c93150e8c1\"
\"06:38:01.379 nochip  status:Reconnect terminal. reconnecting /session/pp_f62de0ec004f3bb1665266c93150e8c1\"
\"06:38:02.146 nochip  status:Reconnect terminal. reconnecting /session/pp_f62de0ec004f3bb1665266c93150e8c1\"
\"06:38:02.898 nochip  status:Reconnect terminal. reconnecting /session/pp_f62de0ec004f3bb1665266c93150e8c1\"
\"06:38:03.629 nochip  status:Reconnect terminal. reconnecting /session/pp_f62de0ec004f3bb1665266c93150e8c1\"
\"06:38:04.369 nochip  status:Reconnect terminal. reconnecting /session/pp_f62de0ec004f3bb1665266c93150e8c1\"
\"06:38:05.116 nochip  status:Reconnect terminal. reconnecting /session/pp_f62de0ec004f3bb1665266c93150e8c1\"
\"06:38:05.942 nochip  status:Reconnect terminal. reconnecting /session/pp_f62de0ec004f3bb1665266c93150e8c1\"
\"06:38:06.747 chip ON op=1 dot=false   /session/pp_f62de0ec004f3bb1665266c93150e8c1\"
\"06:38:07.523 chip ON op=1 dot=true   /session/pp_f62de0ec004f3bb1665266c93150e8c1\"
\"06:38:08.232 chip ON op=1 dot=true   /session/pp_f62de0ec004f3bb1665266c93150e8c1\"
\"06:38:08.935 chip ON op=1 dot=true   /session/pp_f62de0ec004f3bb1665266c93150e8c1\"
\"06:38:09.625 chip ON op=1 dot=true   /session/pp_f62de0ec004f3bb1665266c93150e8c1\"
\"06:38:10.311 chip ON op=1 dot=true   /session/pp_f62de0ec004f3bb1665266c93150e8c1\"
\"06:38:10.999 chip ON op=1 dot=true   /session/pp_f62de0ec004f3bb1665266c93150e8c1\"
\"06:38:11.682 chip ON op=1 dot=true   /session/pp_f62de0ec004f3bb1665266c93150e8c1\"
\"06:38:12.363 chip ON op=1 dot=true   /session/pp_f62de0ec004f3bb1665266c93150e8c1\"
\"06:38:13.043 chip ON op=1 dot=true   /session/pp_f62de0ec004f3bb1665266c93150e8c1\"
\"06:38:13.764 chip ON op=1 dot=true   /session/pp_f62de0ec004f3bb1665266c93150e8c1\"
\"06:38:14.449 chip ON op=1 dot=true   /session/pp_f62de0ec004f3bb1665266c93150e8c1\"
\"06:38:15.135 chip ON op=1 dot=true   /session/pp_f62de0ec004f3bb1665266c93150e8c1\"
\"06:38:15.815 chip ON op=1 dot=true   /session/pp_f62de0ec004f3bb1665266c93150e8c1\"
\"06:38:16.490 chip ON op=1 dot=true   /session/pp_f62de0ec004f3bb1665266c93150e8c1\"
\"06:38:17.167 chip ON op=1 dot=true   /session/pp_f62de0ec004f3bb1665266c93150e8c1\"
\"06:38:17.852 chip ON op=1 dot=true   /session/pp_f62de0ec004f3bb1665266c93150e8c1\"
\"06:38:18.539 chip ON op=1 dot=true   /session/pp_f62de0ec004f3bb1665266c93150e8c1\"
\"06:38:19.220 chip ON op=1 dot=true   /session/pp_f62de0ec004f3bb1665266c93150e8c1\"
\"06:38:19.906 chip ON op=1 dot=true   /session/pp_f62de0ec004f3bb1665266c93150e8c1\"
\"06:38:20.582 chip ON op=1 dot=true   /session/pp_f62de0ec004f3bb1665266c93150e8c1\"
\"06:38:21.272 chip ON op=1 dot=true   /session/pp_f62de0ec004f3bb1665266c93150e8c1\"
\"06:38:21.961 chip DIM op=0.5 dot=false  status:Reconnect terminal. reconnecting /session/pp_f62de0ec004f3bb1665266c93150e8c1\"
\"06:38:22.649 chip DIM op=0.5 dot=false  status:Reconnect terminal. reconnecting /session/pp_f62de0ec004f3bb1665266c93150e8c1\"
\"06:38:23.330 chip DIM op=0.5 dot=false  status:Reconnect terminal. reconnecting /session/pp_f62de0ec004f3bb1665266c93150e8c1\"
\"06:38:24.016 chip DIM op=0.5 dot=false  status:Reconnect terminal. reconnecting /session/pp_f62de0ec004f3bb1665266c93150e8c1\"
\"06:38:24.706 chip DIM op=0.5 dot=false  status:Reconnect terminal. reconnecting /session/pp_f62de0ec004f3bb1665266c93150e8c1\"
\"06:38:25.390 chip DIM op=0.5 dot=false  status:Reconnect terminal. reconnecting /session/pp_f62de0ec004f3bb1665266c93150e8c1\"
\"06:38:26.070 chip DIM op=0.5 dot=false  status:Reconnect terminal. reconnecting /session/pp_f62de0ec004f3bb1665266c93150e8c1\"
\"06:38:26.763 chip DIM op=0.5 dot=false  status:Reconnect terminal. reconnecting /session/pp_f62de0ec004f3bb1665266c93150e8c1\"
\"06:38:27.467 chip DIM op=0.5 dot=false  status:Reconnect terminal. reconnecting /session/pp_f62de0ec004f3bb1665266c93150e8c1\"
\"06:38:28.166 chip DIM op=0.5 dot=false  status:Reconnect terminal. reconnecting /session/pp_f62de0ec004f3bb1665266c93150e8c1\"
\"06:38:28.869 chip DIM op=0.5 dot=false  status:Reconnect terminal. reconnecting /session/pp_f62de0ec004f3bb1665266c93150e8c1\"
\"06:38:29.573 chip DIM op=0.5 dot=false  status:Reconnect terminal. reconnecting /session/pp_f62de0ec004f3bb1665266c93150e8c1\"
\"06:38:30.265 chip DIM op=0.5 dot=false  status:Reconnect terminal. reconnecting /session/pp_f62de0ec004f3bb1665266c93150e8c1\"
\"06:38:30.985 chip DIM op=0.5 dot=false  status:Reconnect terminal. reconnecting /session/pp_f62de0ec004f3bb1665266c93150e8c1\"
\"06:38:31.688 chip DIM op=0.5 dot=false  status:Reconnect terminal. reconnecting /session/pp_f62de0ec004f3bb1665266c93150e8c1\"
\"06:38:32.466 chip DIM op=0.5 dot=false  status:Reconnect terminal. reconnecting /session/pp_f62de0ec004f3bb1665266c93150e8c1\"
\"06:38:33.155 chip DIM op=0.5 dot=false  status:Reconnect terminal. reconnecting /session/pp_f62de0ec004f3bb1665266c93150e8c1\"
\"06:38:33.847 chip DIM op=0.5 dot=false  status:Reconnect terminal. reconnecting /session/pp_f62de0ec004f3bb1665266c93150e8c1\"
\"06:38:34.550 chip DIM op=0.5 dot=false  status:Reconnect terminal. reconnecting /session/pp_f62de0ec004f3bb1665266c93150e8c1\"
\"06:38:35.264 chip DIM op=0.5 dot=false  status:Reconnect terminal. reconnecting /session/pp_f62de0ec004f3bb1665266c93150e8c1\"
\"06:38:35.971 chip DIM op=0.5 dot=false  status:Reconnect terminal. reconnecting /session/pp_f62de0ec004f3bb1665266c93150e8c1\"
\"06:38:36.681 chip ON op=1 dot=true   /session/pp_f62de0ec004f3bb1665266c93150e8c1\"
\"06:38:37.555 chip ON op=1 dot=true   /session/pp_f62de0ec004f3bb1665266c93150e8c1\"
\"06:38:38.271 chip ON op=1 dot=true   /session/pp_f62de0ec004f3bb1665266c93150e8c1\"
\"06:38:39.026 chip ON op=1 dot=true   /session/pp_f62de0ec004f3bb1665266c93150e8c1\"
\"06:38:39.820 chip ON op=1 dot=true   /session/pp_f62de0ec004f3bb1665266c93150e8c1\"
\"06:38:40.744 chip ON op=1 dot=true   /session/pp_f62de0ec004f3bb1665266c93150e8c1\"
\"06:38:41.549 chip ON op=1 dot=true   /session/pp_f62de0ec004f3bb1665266c93150e8c1\"
\"06:38:42.325 chip ON op=1 dot=true   /session/pp_f62de0ec004f3bb1665266c93150e8c1\"
\"06:38:43.225 chip ON op=1 dot=true   /session/pp_f62de0ec004f3bb1665266c93150e8c1\"
\"06:38:44.209 chip ON op=1 dot=true   /session/pp_f62de0ec004f3bb1665266c93150e8c1\"
\"06:38:45.177 chip ON op=1 dot=true   /session/pp_f62de0ec004f3bb1665266c93150e8c1\"
\"06:38:46.006 chip ON op=1 dot=true   /session/pp_f62de0ec004f3bb1665266c93150e8c1\"
\"06:38:47.015 chip ON op=1 dot=true   /session/pp_f62de0ec004f3bb1665266c93150e8c1\"
\"06:38:47.914 chip ON op=1 dot=true   /session/pp_f62de0ec004f3bb1665266c93150e8c1\"
\"06:38:48.719 chip ON op=1 dot=true   /session/pp_f62de0ec004f3bb1665266c93150e8c1\"
\"06:38:49.601 chip ON op=1 dot=true   /session/pp_f62de0ec004f3bb1665266c93150e8c1\"
\"06:38:50.400 chip ON op=1 dot=true   /session/pp_f62de0ec004f3bb1665266c93150e8c1\"
\"06:38:51.372 chip ON op=1 dot=true   /session/pp_f62de0ec004f3bb1665266c93150e8c1\"
\"06:38:52.852 nochip   /session/pp_f62de0ec004f3bb1665266c93150e8c1\"
\"06:38:55.030 chip DIM op=0.5 dot=false  status:Reconnect terminal. terminal: link refused the pane stream /session/pp_f62de0ec004f3bb1665266c93150e8c1\"
\"06:38:55.982 chip DIM op=0.5 dot=false  status:Reconnect terminal. terminal: link refused the pane stream /session/pp_f62de0ec004f3bb1665266c93150e8c1\"
\"06:38:56.814 chip DIM op=0.5 dot=false  status:Reconnect terminal. terminal: link refused the pane stream /session/pp_f62de0ec004f3bb1665266c93150e8c1\"
\"06:38:57.568 chip DIM op=0.5 dot=false  status:Reconnect terminal. terminal: link refused the pane stream /session/pp_f62de0ec004f3bb1665266c93150e8c1\"
\"06:38:58.262 chip DIM op=0.5 dot=false  status:Reconnect terminal. terminal: link refused the pane stream /session/pp_f62de0ec004f3bb1665266c93150e8c1\"
\"06:38:58.963 chip DIM op=0.5 dot=false  status:Reconnect terminal. terminal: link refused the pane stream /session/pp_f62de0ec004f3bb1665266c93150e8c1\"
\"06:38:59.654 chip DIM op=0.5 dot=false  status:Reconnect terminal. terminal: link refused the pane stream /session/pp_f62de0ec004f3bb1665266c93150e8c1\"
\"06:39:00.357 chip DIM op=0.5 dot=false  status:Reconnect terminal. terminal: link refused the pane stream /session/pp_f62de0ec004f3bb1665266c93150e8c1\"
\"06:39:01.060 chip DIM op=0.5 dot=false  status:Reconnect terminal. terminal: link refused the pane stream /session/pp_f62de0ec004f3bb1665266c93150e8c1\"
\"06:39:01.760 nochip  status:Reconnect terminal. terminal: link refused the pane stream /session/pp_f62de0ec004f3bb1665266c93150e8c1\"
\"06:39:02.445 nochip  status:Reconnect terminal. terminal: link refused the pane stream /session/pp_f62de0ec004f3bb1665266c93150e8c1\"
\"06:39:03.138 nochip  status:Reconnect terminal. terminal: link refused the pane stream /session/pp_f62de0ec004f3bb1665266c93150e8c1\"
\"06:39:03.840 nochip  status:Reconnect terminal. terminal: link refused the pane stream /session/pp_f62de0ec004f3bb1665266c93150e8c1\"
\"06:39:04.523 nochip  status:Reconnect terminal. terminal: link refused the pane stream /session/pp_f62de0ec004f3bb1665266c93150e8c1\"
\"06:39:05.213 nochip  status:Reconnect terminal. terminal: link refused the pane stream /session/pp_f62de0ec004f3bb1665266c93150e8c1\"
\"06:39:05.940 nochip  status:Reconnect terminal. terminal: link refused the pane stream /session/pp_f62de0ec004f3bb1665266c93150e8c1\"
\"06:39:06.635 nochip  status:Reconnect terminal. terminal: link refused the pane stream /session/pp_f62de0ec004f3bb1665266c93150e8c1\"
\"06:39:07.326 nochip  status:Reconnect terminal. terminal: link refused the pane stream /session/pp_f62de0ec004f3bb1665266c93150e8c1\"
\"06:39:08.022 nochip  status:Reconnect terminal. terminal: link refused the pane stream /session/pp_f62de0ec004f3bb1665266c93150e8c1\"
\"06:39:08.731 nochip  status:Reconnect terminal. terminal: link refused the pane stream /session/pp_f62de0ec004f3bb1665266c93150e8c1\"
\"06:39:09.428 nochip  status:Reconnect terminal. terminal: link refused the pane stream /session/pp_f62de0ec004f3bb1665266c93150e8c1\"
\"06:39:10.120 nochip  status:Reconnect terminal. terminal: link refused the pane stream /session/pp_f62de0ec004f3bb1665266c93150e8c1\"
\"06:39:10.818 nochip  status:Reconnect terminal. terminal: link refused the pane stream /session/pp_f62de0ec004f3bb1665266c93150e8c1\"
\"06:39:11.509 nochip  status:Reconnect terminal. terminal: link refused the pane stream /session/pp_f62de0ec004f3bb1665266c93150e8c1\"
\"06:39:12.222 nochip  status:Reconnect terminal. terminal: link refused the pane stream /session/pp_f62de0ec004f3bb1665266c93150e8c1\"
\"06:39:13.143 nochip  status:Reconnect terminal. terminal: link refused the pane stream /session/pp_f62de0ec004f3bb1665266c93150e8c1\"
\"06:39:13.921 nochip   /session/pp_f62de0ec004f3bb1665266c93150e8c1\"
\"06:39:14.617 nochip   /session/pp_f62de0ec004f3bb1665266c93150e8c1\"
\"06:39:15.319 nochip   /session/pp_f62de0ec004f3bb1665266c93150e8c1\"
\"06:39:16.017 nochip   /session/pp_f62de0ec004f3bb1665266c93150e8c1\"
\"06:39:16.714 nochip   /session/pp_f62de0ec004f3bb1665266c93150e8c1\"
\"06:39:17.403 nochip   /session/pp_f62de0ec004f3bb1665266c93150e8c1\"
\"06:39:18.086 nochip   /session/pp_f62de0ec004f3bb1665266c93150e8c1\"
\"06:39:18.780 nochip   /session/pp_f62de0ec004f3bb1665266c93150e8c1\"
\"06:39:19.466 nochip   /session/pp_f62de0ec004f3bb1665266c93150e8c1\"
\"06:39:20.152 nochip   /session/pp_f62de0ec004f3bb1665266c93150e8c1\"
\"06:39:20.831 nochip   /session/pp_f62de0ec004f3bb1665266c93150e8c1\"
\"06:39:21.517 nochip   /session/pp_f62de0ec004f3bb1665266c93150e8c1\"
\"06:39:22.201 nochip   /session/pp_f62de0ec004f3bb1665266c93150e8c1\"
\"06:39:22.901 nochip   /session/pp_f62de0ec004f3bb1665266c93150e8c1\"
\"06:39:23.584 nochip   /session/pp_f62de0ec004f3bb1665266c93150e8c1\"
\"06:39:24.354 nochip   /session/pp_f62de0ec004f3bb1665266c93150e8c1\"
\"06:39:25.048 nochip   /session/pp_f62de0ec004f3bb1665266c93150e8c1\"
\"06:39:25.744 nochip   /session/pp_f62de0ec004f3bb1665266c93150e8c1\"
\"06:39:26.439 nochip   /session/pp_f62de0ec004f3bb1665266c93150e8c1\"
\"06:39:27.145 nochip   /session/pp_f62de0ec004f3bb1665266c93150e8c1\"
\"06:39:27.826 nochip   /session/pp_f62de0ec004f3bb1665266c93150e8c1\"
\"06:39:28.526 nochip   /session/pp_f62de0ec004f3bb1665266c93150e8c1\"
\"06:39:29.212 nochip   /session/pp_f62de0ec004f3bb1665266c93150e8c1\"
\"06:39:29.916 nochip   /session/pp_f62de0ec004f3bb1665266c93150e8c1\"
\"06:39:30.603 nochip   /session/pp_f62de0ec004f3bb1665266c93150e8c1\"
\"06:39:31.289 nochip   /session/pp_f62de0ec004f3bb1665266c93150e8c1\"
\"06:39:31.990 nochip   /session/pp_f62de0ec004f3bb1665266c93150e8c1\"
\"06:39:32.683 nochip   /session/pp_f62de0ec004f3bb1665266c93150e8c1\"
\"06:39:33.370 nochip   /session/pp_f62de0ec004f3bb1665266c93150e8c1\"
\"06:39:34.069 nochip   /session/pp_f62de0ec004f3bb1665266c93150e8c1\"
\"06:39:34.759 nochip   /session/pp_f62de0ec004f3bb1665266c93150e8c1\"
\"06:39:35.452 nochip   /session/pp_f62de0ec004f3bb1665266c93150e8c1\"
\"06:39:36.142 nochip   /session/pp_f62de0ec004f3bb1665266c93150e8c1\"
\"06:39:37.104 nochip   /session/pp_f62de0ec004f3bb1665266c93150e8c1\"
\"06:39:37.831 chip ON op=1 dot=true tip:Your agent opened a browserExample DomainNot nowWatch  /session/pp_f62de0ec004f3bb1665266c93150e8c1\"
\"06:39:38.548 chip ON op=1 dot=true tip:Your agent opened a browserExample DomainNot nowWatch  /session/pp_f62de0ec004f3bb1665266c93150e8c1\"
\"06:39:39.308 chip ON op=1 dot=true tip:Your agent opened a browserExample DomainNot nowWatch  /session/pp_f62de0ec004f3bb1665266c93150e8c1\"
\"06:39:40.013 chip ON op=1 dot=true tip:Your agent opened a browserExample DomainNot nowWatch  /session/pp_f62de0ec004f3bb1665266c93150e8c1\"
\"06:39:40.754 chip ON op=1 dot=true tip:Your agent opened a browserExample DomainNot nowWatch  /session/pp_f62de0ec004f3bb1665266c93150e8c1\"
\"06:39:41.456 chip ON op=1 dot=true tip:Your agent opened a browserExample DomainNot nowWatch  /session/pp_f62de0ec004f3bb1665266c93150e8c1\"
\"06:39:42.160 chip ON op=1 dot=true tip:Your agent opened a browserExample DomainNot nowWatch  /session/pp_f62de0ec004f3bb1665266c93150e8c1\"
\"06:39:42.855 chip ON op=1 dot=true tip:Your agent opened a browserExample DomainNot nowWatch  /session/pp_f62de0ec004f3bb1665266c93150e8c1\"
\"06:39:43.551 chip ON op=1 dot=true tip:Your agent opened a browserExample DomainNot nowWatch  /session/pp_f62de0ec004f3bb1665266c93150e8c1\"
\"06:39:44.234 chip ON op=1 dot=true   /session/pp_f62de0ec004f3bb1665266c93150e8c1\"
\"06:39:44.947 chip ON op=1 dot=true   /session/pp_f62de0ec004f3bb1665266c93150e8c1\"
\"06:39:45.655 chip ON op=1 dot=true   /session/pp_f62de0ec004f3bb1665266c93150e8c1\"
\"06:39:46.377 chip ON op=1 dot=true   /session/pp_f62de0ec004f3bb1665266c93150e8c1\"
\"06:39:47.078 chip ON op=1 dot=true   /session/pp_f62de0ec004f3bb1665266c93150e8c1\"
\"06:39:47.775 chip ON op=1 dot=true   /session/pp_f62de0ec004f3bb1665266c93150e8c1\"
\"06:39:48.460 chip ON op=1 dot=true   /session/pp_f62de0ec004f3bb1665266c93150e8c1\"
\"06:39:49.136 chip ON op=1 dot=true   /session/pp_f62de0ec004f3bb1665266c93150e8c1\"
\"06:39:49.809 chip ON op=1 dot=true   /session/pp_f62de0ec004f3bb1665266c93150e8c1\"
\"06:39:50.497 chip ON op=1 dot=true   /session/pp_f62de0ec004f3bb1665266c93150e8c1\"
\"06:39:51.193 chip ON op=1 dot=true   /session/pp_f62de0ec004f3bb1665266c93150e8c1\"
\"06:39:51.896 chip ON op=1 dot=true   /session/pp_f62de0ec004f3bb1665266c93150e8c1\"
\"06:39:52.586 chip ON op=1 dot=true   /session/pp_f62de0ec004f3bb1665266c93150e8c1\"
\"06:39:53.278 chip ON op=1 dot=true   /session/pp_f62de0ec004f3bb1665266c93150e8c1\"
\"06:39:53.998 chip ON op=1 dot=true   /session/pp_f62de0ec004f3bb1665266c93150e8c1\"
\"06:39:54.687 chip ON op=1 dot=true   /session/pp_f62de0ec004f3bb1665266c93150e8c1\"
\"06:39:55.373 chip ON op=1 dot=true   /session/pp_f62de0ec004f3bb1665266c93150e8c1\"
\"06:39:56.057 chip ON op=1 dot=true   /session/pp_f62de0ec004f3bb1665266c93150e8c1\"
\"06:39:56.744 chip ON op=1 dot=true   /session/pp_f62de0ec004f3bb1665266c93150e8c1\"
\"06:39:57.422 chip ON op=1 dot=true   /session/pp_f62de0ec004f3bb1665266c93150e8c1\"
\"06:39:58.107 chip ON op=1 dot=true   /session/pp_f62de0ec004f3bb1665266c93150e8c1\"
\"06:39:58.786 chip ON op=1 dot=true   /session/pp_f62de0ec004f3bb1665266c93150e8c1\"
\"06:39:59.461 chip ON op=1 dot=true   /session/pp_f62de0ec004f3bb1665266c93150e8c1\"
\"06:40:00.141 chip ON op=1 dot=true   /session/pp_f62de0ec004f3bb1665266c93150e8c1\"
\"06:40:00.843 chip ON op=1 dot=true   /session/pp_f62de0ec004f3bb1665266c93150e8c1\"
\"06:40:01.527 chip ON op=1 dot=true   /session/pp_f62de0ec004f3bb1665266c93150e8c1\"
\"06:40:02.207 chip ON op=1 dot=true   /session/pp_f62de0ec004f3bb1665266c93150e8c1\"
\"06:40:02.895 chip ON op=1 dot=true   /session/pp_f62de0ec004f3bb1665266c93150e8c1\"
\"06:40:03.575 chip ON op=1 dot=true   /session/pp_f62de0ec004f3bb1665266c93150e8c1\"
\"06:40:04.264 chip ON op=1 dot=true   /session/pp_f62de0ec004f3bb1665266c93150e8c1\"
\"06:40:04.949 chip ON op=1 dot=true   /session/pp_f62de0ec004f3bb1665266c93150e8c1\"
\"06:40:05.655 chip ON op=1 dot=true   /session/pp_f62de0ec004f3bb1665266c93150e8c1\"
\"06:40:06.379 nochip   /session/pp_f62de0ec004f3bb1665266c93150e8c1\"
\"06:40:07.058 nochip   /session/pp_f62de0ec004f3bb1665266c93150e8c1\"
\"06:40:07.750 nochip   /session/pp_f62de0ec004f3bb1665266c93150e8c1\"
\"06:40:08.430 nochip   /session/pp_f62de0ec004f3bb1665266c93150e8c1\"
\"06:40:09.112 nochip   /session/pp_f62de0ec004f3bb1665266c93150e8c1\"
\"06:40:09.790 nochip   /session/pp_f62de0ec004f3bb1665266c93150e8c1\"
\"06:40:10.466 nochip   /session/pp_f62de0ec004f3bb1665266c93150e8c1\"
\"06:40:11.150 nochip   /session/pp_f62de0ec004f3bb1665266c93150e8c1\"
\"06:40:11.835 nochip   /session/pp_f62de0ec004f3bb1665266c93150e8c1\"
\"06:40:12.522 nochip   /session/pp_f62de0ec004f3bb1665266c93150e8c1\"
\"06:40:13.207 nochip   /session/pp_f62de0ec004f3bb1665266c93150e8c1\"
\"06:40:13.895 nochip   /session/pp_f62de0ec004f3bb1665266c93150e8c1\"
\"06:40:14.576 nochip   /session/pp_f62de0ec004f3bb1665266c93150e8c1\"
\"06:40:15.266 nochip   /session/pp_f62de0ec004f3bb1665266c93150e8c1\"
\"06:40:15.946 nochip   /session/pp_f62de0ec004f3bb1665266c93150e8c1\"
\"06:40:16.630 nochip   /session/pp_f62de0ec004f3bb1665266c93150e8c1\"
\"06:40:17.323 nochip   /session/pp_f62de0ec004f3bb1665266c93150e8c1\"
\"06:40:18.008 nochip   /session/pp_f62de0ec004f3bb1665266c93150e8c1\"
\"06:40:18.713 nochip   /session/pp_f62de0ec004f3bb1665266c93150e8c1\"
\"06:40:19.419 nochip   /session/pp_f62de0ec004f3bb1665266c93150e8c1\"
\"06:40:20.125 nochip   /session/pp_f62de0ec004f3bb1665266c93150e8c1\"
\"06:40:20.837 nochip   /session/pp_f62de0ec004f3bb1665266c93150e8c1\"
\"06:40:21.545 nochip   /session/pp_f62de0ec004f3bb1665266c93150e8c1\"
\"06:40:22.252 nochip   /session/pp_f62de0ec004f3bb1665266c93150e8c1\"
\"06:40:23.211 chip ON op=1 dot=true tip:Your agent opened a browserExample DomainNot nowWatch  /session/pp_f62de0ec004f3bb1665266c93150e8c1\"
\"06:40:23.923 chip ON op=1 dot=true tip:Your agent opened a browserExample DomainNot nowWatch  /session/pp_f62de0ec004f3bb1665266c93150e8c1\"
\"06:40:24.636 chip ON op=1 dot=true tip:Your agent opened a browserExample DomainNot nowWatch  /session/pp_f62de0ec004f3bb1665266c93150e8c1\"
\"06:40:25.344 chip ON op=1 dot=true tip:Your agent opened a browserExample DomainNot nowWatch  /session/pp_f62de0ec004f3bb1665266c93150e8c1\"
\"06:40:26.040 chip ON op=1 dot=true tip:Your agent opened a browserExample DomainNot nowWatch  /session/pp_f62de0ec004f3bb1665266c93150e8c1\"
\"06:40:26.754 chip ON op=1 dot=true tip:Your agent opened a browserExample DomainNot nowWatch  /session/pp_f62de0ec004f3bb1665266c93150e8c1\"
\"06:40:27.465 chip ON op=1 dot=true tip:Your agent opened a browserExample DomainNot nowWatch  /session/pp_f62de0ec004f3bb1665266c93150e8c1\"
\"06:40:28.188 chip ON op=1 dot=true tip:Your agent opened a browserExample DomainNot nowWatch  /session/pp_f62de0ec004f3bb1665266c93150e8c1\"
\"06:40:28.887 chip ON op=1 dot=true   /session/pp_f62de0ec004f3bb1665266c93150e8c1\"
\"06:40:29.585 chip ON op=1 dot=true   /session/pp_f62de0ec004f3bb1665266c93150e8c1\"
\"06:40:30.287 chip ON op=1 dot=true   /session/pp_f62de0ec004f3bb1665266c93150e8c1\"
\"06:40:30.998 chip ON op=1 dot=true   /session/pp_f62de0ec004f3bb1665266c93150e8c1\"
\"06:40:31.696 chip ON op=1 dot=true   /session/pp_f62de0ec004f3bb1665266c93150e8c1\"
\"06:40:32.405 chip ON op=1 dot=true   /session/pp_f62de0ec004f3bb1665266c93150e8c1\"
\"06:40:33.103 chip ON op=1 dot=true   /session/pp_f62de0ec004f3bb1665266c93150e8c1\"
\"06:40:33.804 chip ON op=1 dot=true   /session/pp_f62de0ec004f3bb1665266c93150e8c1\"
\"06:40:34.505 chip ON op=1 dot=true   /session/pp_f62de0ec004f3bb1665266c93150e8c1\"
\"06:40:35.215 chip ON op=1 dot=true   /session/pp_f62de0ec004f3bb1665266c93150e8c1\"
\"06:40:35.922 chip ON op=1 dot=true   /session/pp_f62de0ec004f3bb1665266c93150e8c1\"
\"06:40:36.626 chip ON op=1 dot=true   /session/pp_f62de0ec004f3bb1665266c93150e8c1\"
\"06:40:37.356 chip ON op=1 dot=true   /session/pp_f62de0ec004f3bb1665266c93150e8c1\"
\"06:40:38.066 chip ON op=1 dot=true   /session/pp_f62de0ec004f3bb1665266c93150e8c1\"
\"06:40:38.769 chip ON op=1 dot=true   /session/pp_f62de0ec004f3bb1665266c93150e8c1\"
\"06:40:39.467 chip ON op=1 dot=true   /session/pp_f62de0ec004f3bb1665266c93150e8c1\"
\"06:40:40.184 chip ON op=1 dot=true   /session/pp_f62de0ec004f3bb1665266c93150e8c1\"
\"06:40:40.892 chip ON op=1 dot=true   /session/pp_f62de0ec004f3bb1665266c93150e8c1\"
\"06:40:41.620 chip ON op=1 dot=true   /session/pp_f62de0ec004f3bb1665266c93150e8c1\"
\"06:40:42.352 chip ON op=1 dot=true   /session/pp_f62de0ec004f3bb1665266c93150e8c1\"
\"06:40:43.073 chip ON op=1 dot=true   /session/pp_f62de0ec004f3bb1665266c93150e8c1\"
\"06:40:43.782 chip ON op=1 dot=true   /session/pp_f62de0ec004f3bb1665266c93150e8c1\"
\"06:40:44.510 chip ON op=1 dot=true   /session/pp_f62de0ec004f3bb1665266c93150e8c1\"
\"06:40:45.220 chip ON op=1 dot=true   /session/pp_f62de0ec004f3bb1665266c93150e8c1\"
\"06:40:45.917 chip ON op=1 dot=true   /session/pp_f62de0ec004f3bb1665266c93150e8c1\"
\"06:40:46.632 chip ON op=1 dot=true   /session/pp_f62de0ec004f3bb1665266c93150e8c1\"
\"06:40:47.358 chip ON op=1 dot=true   /session/pp_f62de0ec004f3bb1665266c93150e8c1\"
\"06:40:48.073 chip ON op=1 dot=true   /session/pp_f62de0ec004f3bb1665266c93150e8c1\"
\"06:40:48.779 chip ON op=1 dot=true   /session/pp_f62de0ec004f3bb1665266c93150e8c1\"
\"06:40:49.482 chip ON op=1 dot=true   /session/pp_f62de0ec004f3bb1665266c93150e8c1\"
\"06:40:50.188 chip ON op=1 dot=true   /session/pp_f62de0ec004f3bb1665266c93150e8c1\"
\"06:40:50.903 chip ON op=1 dot=true   /session/pp_f62de0ec004f3bb1665266c93150e8c1\"
\"06:40:51.613 chip ON op=1 dot=true   /session/pp_f62de0ec004f3bb1665266c93150e8c1\"
\"06:40:52.315 chip ON op=1 dot=true   /session/pp_f62de0ec004f3bb1665266c93150e8c1\"
\"06:40:53.012 chip ON op=1 dot=true   /session/pp_f62de0ec004f3bb1665266c93150e8c1\"
\"06:40:53.713 chip ON op=1 dot=true   /session/pp_f62de0ec004f3bb1665266c93150e8c1\"
\"06:40:54.421 chip ON op=1 dot=true   /session/pp_f62de0ec004f3bb1665266c93150e8c1\"
\"06:40:55.141 chip ON op=1 dot=true   /session/pp_f62de0ec004f3bb1665266c93150e8c1\"
\"06:40:55.852 chip ON op=1 dot=true   /session/pp_f62de0ec004f3bb1665266c93150e8c1\"
\"06:40:56.554 chip ON op=1 dot=true   /session/pp_f62de0ec004f3bb1665266c93150e8c1\"
\"06:40:57.257 chip ON op=1 dot=true   /session/pp_f62de0ec004f3bb1665266c93150e8c1\"
\"06:40:57.978 chip ON op=1 dot=true   /session/pp_f62de0ec004f3bb1665266c93150e8c1\"
\"06:40:58.681 chip ON op=1 dot=true   /session/pp_f62de0ec004f3bb1665266c93150e8c1\"
\"06:40:59.392 chip ON op=1 dot=true   /session/pp_f62de0ec004f3bb1665266c93150e8c1\"
\"06:41:00.090 chip ON op=1 dot=true   /session/pp_f62de0ec004f3bb1665266c93150e8c1\"
\"06:41:00.781 chip ON op=1 dot=true   /session/pp_f62de0ec004f3bb1665266c93150e8c1\"
\"06:41:01.477 chip ON op=1 dot=true   /session/pp_f62de0ec004f3bb1665266c93150e8c1\"
\"06:41:02.169 chip ON op=1 dot=true   /session/pp_f62de0ec004f3bb1665266c93150e8c1\"
\"06:41:02.877 chip ON op=1 dot=true   /session/pp_f62de0ec004f3bb1665266c93150e8c1\"
\"06:41:03.577 chip ON op=1 dot=true   /session/pp_f62de0ec004f3bb1665266c93150e8c1\"
\"06:41:04.271 chip ON op=1 dot=true   /session/pp_f62de0ec004f3bb1665266c93150e8c1\"
\"06:41:04.969 chip ON op=1 dot=true   /session/pp_f62de0ec004f3bb1665266c93150e8c1\"
\"06:41:05.670 chip ON op=1 dot=true   /session/pp_f62de0ec004f3bb1665266c93150e8c1\"
\"06:41:06.377 chip ON op=1 dot=true   /session/pp_f62de0ec004f3bb1665266c93150e8c1\"
\"06:41:07.083 chip ON op=1 dot=true   /session/pp_f62de0ec004f3bb1665266c93150e8c1\"
\"06:41:07.795 chip ON op=1 dot=true   /session/pp_f62de0ec004f3bb1665266c93150e8c1\"
\"06:41:08.496 chip ON op=1 dot=true   /session/pp_f62de0ec004f3bb1665266c93150e8c1\"
\"06:41:09.210 chip ON op=1 dot=true   /session/pp_f62de0ec004f3bb1665266c93150e8c1\"
\"06:41:10.003 chip ON op=1 dot=true   /session/pp_f62de0ec004f3bb1665266c93150e8c1\"
\"06:41:10.716 chip ON op=1 dot=true   /session/pp_f62de0ec004f3bb1665266c93150e8c1\"
\"06:41:11.441 chip ON op=1 dot=true   /session/pp_f62de0ec004f3bb1665266c93150e8c1\"
\"06:41:12.155 chip ON op=1 dot=true   /session/pp_f62de0ec004f3bb1665266c93150e8c1\"
\"06:41:12.872 chip ON op=1 dot=true   /session/pp_f62de0ec004f3bb1665266c93150e8c1\"
\"06:41:13.596 chip ON op=1 dot=true   /session/pp_f62de0ec004f3bb1665266c93150e8c1\"
\"06:41:14.298 chip ON op=1 dot=true   /session/pp_f62de0ec004f3bb1665266c93150e8c1\"
\"06:41:15.097 chip ON op=1 dot=true   /session/pp_f62de0ec004f3bb1665266c93150e8c1\"
\"06:41:15.835 chip ON op=1 dot=true   /session/pp_f62de0ec004f3bb1665266c93150e8c1\"
\"06:41:16.654 chip ON op=1 dot=true   /session/pp_f62de0ec004f3bb1665266c93150e8c1\"
\"06:41:17.531 chip ON op=1 dot=true   /session/pp_f62de0ec004f3bb1665266c93150e8c1\"
\"06:41:18.309 chip ON op=1 dot=true   /session/pp_f62de0ec004f3bb1665266c93150e8c1\"
\"06:41:19.041 chip DIM op=0.5 dot=false  status:Reconnect terminal. reconnecting /session/pp_f62de0ec004f3bb1665266c93150e8c1\"
\"06:41:19.777 chip DIM op=0.5 dot=false  status:Reconnect terminal. reconnecting /session/pp_f62de0ec004f3bb1665266c93150e8c1\"
\"06:41:20.540 chip DIM op=0.5 dot=false  status:Reconnect terminal. reconnecting /session/pp_f62de0ec004f3bb1665266c93150e8c1\"
\"06:41:21.285 chip DIM op=0.5 dot=false  status:Reconnect terminal. reconnecting /session/pp_f62de0ec004f3bb1665266c93150e8c1\"
\"06:41:22.072 chip DIM op=0.5 dot=false  status:Reconnect terminal. reconnecting /session/pp_f62de0ec004f3bb1665266c93150e8c1\"
\"06:41:22.843 chip DIM op=0.5 dot=false  status:Reconnect terminal. reconnecting /session/pp_f62de0ec004f3bb1665266c93150e8c1\"
\"06:41:23.624 chip DIM op=0.5 dot=false  status:Reconnect terminal. reconnecting /session/pp_f62de0ec004f3bb1665266c93150e8c1\"
\"06:41:24.395 chip DIM op=0.5 dot=false  status:Reconnect terminal. reconnecting /session/pp_f62de0ec004f3bb1665266c93150e8c1\"
\"06:41:25.117 chip DIM op=0.5 dot=false  status:Reconnect terminal. reconnecting /session/pp_f62de0ec004f3bb1665266c93150e8c1\"
\"06:41:25.871 chip DIM op=0.5 dot=false  status:Reconnect terminal. reconnecting /session/pp_f62de0ec004f3bb1665266c93150e8c1\"
\"06:41:26.699 chip DIM op=0.5 dot=false  status:Reconnect terminal. reconnecting /session/pp_f62de0ec004f3bb1665266c93150e8c1\"
\"06:41:27.421 chip DIM op=0.5 dot=false  status:Reconnect terminal. reconnecting /session/pp_f62de0ec004f3bb1665266c93150e8c1\"
\"06:41:28.142 chip DIM op=0.5 dot=false  status:Reconnect terminal. reconnecting /session/pp_f62de0ec004f3bb1665266c93150e8c1\"
\"06:41:28.890 chip DIM op=0.5 dot=false  status:Reconnect terminal. reconnecting /session/pp_f62de0ec004f3bb1665266c93150e8c1\"
\"06:41:29.602 chip DIM op=0.5 dot=false  status:Reconnect terminal. reconnecting /session/pp_f62de0ec004f3bb1665266c93150e8c1\"
\"06:41:30.294 chip DIM op=0.5 dot=false  status:Reconnect terminal. reconnecting /session/pp_f62de0ec004f3bb1665266c93150e8c1\"
\"06:41:30.982 chip DIM op=0.5 dot=false  status:Reconnect terminal. reconnecting /session/pp_f62de0ec004f3bb1665266c93150e8c1\"
\"06:41:31.670 chip DIM op=0.5 dot=false  status:Reconnect terminal. reconnecting /session/pp_f62de0ec004f3bb1665266c93150e8c1\"
\"06:41:32.368 chip DIM op=0.5 dot=false  status:Reconnect terminal. reconnecting /session/pp_f62de0ec004f3bb1665266c93150e8c1\"
\"06:41:33.097 chip DIM op=0.5 dot=false  status:Reconnect terminal. reconnecting /session/pp_f62de0ec004f3bb1665266c93150e8c1\"
\"06:41:33.824 chip DIM op=0.5 dot=false  status:Reconnect terminal. reconnecting /session/pp_f62de0ec004f3bb1665266c93150e8c1\"
\"06:41:34.541 chip DIM op=0.5 dot=false  status:Reconnect terminal. reconnecting /session/pp_f62de0ec004f3bb1665266c93150e8c1\"
\"06:41:35.258 chip DIM op=0.5 dot=false  status:Reconnect terminal. reconnecting /session/pp_f62de0ec004f3bb1665266c93150e8c1\"
\"06:41:35.975 chip DIM op=0.5 dot=false  status:Reconnect terminal. reconnecting /session/pp_f62de0ec004f3bb1665266c93150e8c1\"
\"06:41:36.680 chip DIM op=0.5 dot=false  status:Reconnect terminal. reconnecting /session/pp_f62de0ec004f3bb1665266c93150e8c1\"
\"06:41:37.394 chip DIM op=0.5 dot=false  status:Reconnect terminal. reconnecting /session/pp_f62de0ec004f3bb1665266c93150e8c1\"
\"06:41:38.088 chip DIM op=0.5 dot=false  status:Reconnect terminal. reconnecting /session/pp_f62de0ec004f3bb1665266c93150e8c1\"
\"06:41:38.801 chip DIM op=0.5 dot=false  status:Reconnect terminal. reconnecting /session/pp_f62de0ec004f3bb1665266c93150e8c1\"
\"06:41:39.755 nochip  status:Reconnect terminal. reconnecting /session/pp_f62de0ec004f3bb1665266c93150e8c1\"
\"06:41:40.494 nochip  status:Reconnect terminal. reconnecting /session/pp_f62de0ec004f3bb1665266c93150e8c1\"
\"06:41:41.228 nochip  status:Reconnect terminal. reconnecting /session/pp_f62de0ec004f3bb1665266c93150e8c1\"
\"06:41:41.963 nochip  status:Reconnect terminal. reconnecting /session/pp_f62de0ec004f3bb1665266c93150e8c1\"
\"06:41:42.681 nochip  status:Reconnect terminal. reconnecting /session/pp_f62de0ec004f3bb1665266c93150e8c1\"
\"06:41:43.433 nochip  status:Reconnect terminal. reconnecting /session/pp_f62de0ec004f3bb1665266c93150e8c1\"
\"06:41:44.292 nochip  status:Reconnect terminal. reconnecting /session/pp_f62de0ec004f3bb1665266c93150e8c1\"
\"06:41:45.026 nochip  status:Reconnect terminal. reconnecting /session/pp_f62de0ec004f3bb1665266c93150e8c1\"
\"06:41:45.767 nochip  status:Reconnect terminal. reconnecting /session/pp_f62de0ec004f3bb1665266c93150e8c1\"
\"06:41:46.512 nochip  status:Reconnect terminal. reconnecting /session/pp_f62de0ec004f3bb1665266c93150e8c1\"
\"06:41:47.274 nochip  status:Reconnect terminal. reconnecting /session/pp_f62de0ec004f3bb1665266c93150e8c1\"
\"06:41:48.043 nochip  status:Reconnect terminal. reconnecting /session/pp_f62de0ec004f3bb1665266c93150e8c1\"
\"06:41:48.803 nochip  status:Reconnect terminal. reconnecting /session/pp_f62de0ec004f3bb1665266c93150e8c1\"
\"06:41:49.542 nochip  status:Reconnect terminal. reconnecting /session/pp_f62de0ec004f3bb1665266c93150e8c1\"
\"06:41:50.282 nochip  status:Reconnect terminal. reconnecting /session/pp_f62de0ec004f3bb1665266c93150e8c1\"
\"06:41:51.042 nochip  status:Reconnect terminal. reconnecting /session/pp_f62de0ec004f3bb1665266c93150e8c1\"
\"06:41:51.804 nochip  status:Reconnect terminal. reconnecting /session/pp_f62de0ec004f3bb1665266c93150e8c1\"
\"06:41:52.532 nochip  status:Reconnect terminal. reconnecting /session/pp_f62de0ec004f3bb1665266c93150e8c1\"
\"06:41:53.273 nochip  status:Reconnect terminal. reconnecting /session/pp_f62de0ec004f3bb1665266c93150e8c1\"
\"06:41:54.002 nochip  status:Reconnect terminal. reconnecting /session/pp_f62de0ec004f3bb1665266c93150e8c1\"
\"06:41:54.715 nochip  status:Reconnect terminal. reconnecting /session/pp_f62de0ec004f3bb1665266c93150e8c1\"
\"06:41:55.427 nochip  status:Reconnect terminal. reconnecting /session/pp_f62de0ec004f3bb1665266c93150e8c1\"
\"06:41:56.172 nochip  status:Reconnect terminal. reconnecting /session/pp_f62de0ec004f3bb1665266c93150e8c1\"
\"06:41:56.939 nochip  status:Reconnect terminal. reconnecting /session/pp_f62de0ec004f3bb1665266c93150e8c1\"
\"06:41:57.692 nochip  status:Reconnect terminal. reconnecting /session/pp_f62de0ec004f3bb1665266c93150e8c1\"
\"06:41:58.431 nochip  status:Reconnect terminal. reconnecting /session/pp_f62de0ec004f3bb1665266c93150e8c1\"
\"06:41:59.153 nochip  status:Reconnect terminal. reconnecting /session/pp_f62de0ec004f3bb1665266c93150e8c1\"
\"06:41:59.918 nochip  status:Reconnect terminal. reconnecting /session/pp_f62de0ec004f3bb1665266c93150e8c1\"
\"06:42:00.637 nochip  status:Reconnect terminal. reconnecting /session/pp_f62de0ec004f3bb1665266c93150e8c1\"
\"06:42:01.395 nochip  status:Reconnect terminal. reconnecting /session/pp_f62de0ec004f3bb1665266c93150e8c1\"
\"06:42:02.109 nochip  status:Reconnect terminal. reconnecting /session/pp_f62de0ec004f3bb1665266c93150e8c1\"
\"06:42:02.878 nochip  status:Reconnect terminal. reconnecting /session/pp_f62de0ec004f3bb1665266c93150e8c1\"
\"06:42:03.601 nochip  status:Reconnect terminal. reconnecting /session/pp_f62de0ec004f3bb1665266c93150e8c1\"
\"06:42:04.338 nochip  status:Reconnect terminal. reconnecting /session/pp_f62de0ec004f3bb1665266c93150e8c1\"
\"06:42:05.118 nochip  status:Reconnect terminal. reconnecting /session/pp_f62de0ec004f3bb1665266c93150e8c1\"
\"06:42:05.874 nochip  status:Reconnect terminal. reconnecting /session/pp_f62de0ec004f3bb1665266c93150e8c1\"
\"06:42:06.636 nochip  status:Reconnect terminal. reconnecting /session/pp_f62de0ec004f3bb1665266c93150e8c1\"
\"06:42:07.467 nochip  status:Reconnect terminal. reconnecting /session/pp_f62de0ec004f3bb1665266c93150e8c1\"
\"06:42:08.207 nochip  status:Reconnect terminal. reconnecting /session/pp_f62de0ec004f3bb1665266c93150e8c1\"
\"06:42:08.964 nochip  status:Reconnect terminal. reconnecting /session/pp_f62de0ec004f3bb1665266c93150e8c1\"
\"06:42:09.687 nochip  status:Reconnect terminal. reconnecting /session/pp_f62de0ec004f3bb1665266c93150e8c1\"
\"06:42:10.771 chip ON op=1 dot=true   /session/pp_f62de0ec004f3bb1665266c93150e8c1\"
\"06:42:11.517 chip ON op=1 dot=true   /session/pp_f62de0ec004f3bb1665266c93150e8c1\"
\"06:42:12.261 chip ON op=1 dot=true   /session/pp_f62de0ec004f3bb1665266c93150e8c1\"
\"06:42:12.980 chip ON op=1 dot=true   /session/pp_f62de0ec004f3bb1665266c93150e8c1\"
\"06:42:13.695 chip ON op=1 dot=true   /session/pp_f62de0ec004f3bb1665266c93150e8c1\"
\"06:42:14.477 chip ON op=1 dot=true   /session/pp_f62de0ec004f3bb1665266c93150e8c1\"
\"06:42:15.236 chip ON op=1 dot=true   /session/pp_f62de0ec004f3bb1665266c93150e8c1\"
\"06:42:15.946 chip ON op=1 dot=true   /session/pp_f62de0ec004f3bb1665266c93150e8c1\"
\"06:42:16.676 chip ON op=1 dot=true   /session/pp_f62de0ec004f3bb1665266c93150e8c1\"
\"06:42:17.397 chip ON op=1 dot=true   /session/pp_f62de0ec004f3bb1665266c93150e8c1\"
\"06:42:18.167 chip ON op=1 dot=true   /session/pp_f62de0ec004f3bb1665266c93150e8c1\"
\"06:42:18.871 chip ON op=1 dot=true   /session/pp_f62de0ec004f3bb1665266c93150e8c1\"
\"06:42:19.600 chip ON op=1 dot=true   /session/pp_f62de0ec004f3bb1665266c93150e8c1\"
\"06:42:20.308 chip ON op=1 dot=true   /session/pp_f62de0ec004f3bb1665266c93150e8c1\"
\"06:42:21.031 chip ON op=1 dot=true   /session/pp_f62de0ec004f3bb1665266c93150e8c1\"
\"06:42:21.747 chip ON op=1 dot=true   /session/pp_f62de0ec004f3bb1665266c93150e8c1\"
\"06:42:22.462 chip ON op=1 dot=true   /session/pp_f62de0ec004f3bb1665266c93150e8c1\"
\"06:42:23.236 chip ON op=1 dot=true   /session/pp_f62de0ec004f3bb1665266c93150e8c1\"
\"06:42:23.959 chip ON op=1 dot=true   /session/pp_f62de0ec004f3bb1665266c93150e8c1\"
\"06:42:24.684 chip ON op=1 dot=true   /session/pp_f62de0ec004f3bb1665266c93150e8c1\"
\"06:42:25.434 chip ON op=1 dot=true   /session/pp_f62de0ec004f3bb1665266c93150e8c1\"
\"06:42:26.158 chip ON op=1 dot=true   /session/pp_f62de0ec004f3bb1665266c93150e8c1\"
\"06:42:26.881 chip ON op=1 dot=true   /session/pp_f62de0ec004f3bb1665266c93150e8c1\"
\"06:42:27.619 chip ON op=1 dot=true   /session/pp_f62de0ec004f3bb1665266c93150e8c1\"
\"06:42:28.352 chip ON op=1 dot=true   /session/pp_f62de0ec004f3bb1665266c93150e8c1\"
\"06:42:29.052 chip ON op=1 dot=true   /session/pp_f62de0ec004f3bb1665266c93150e8c1\"
\"06:42:29.770 chip ON op=1 dot=true   /session/pp_f62de0ec004f3bb1665266c93150e8c1\"
\"06:42:30.526 chip ON op=1 dot=true   /session/pp_f62de0ec004f3bb1665266c93150e8c1\"
\"06:42:31.242 chip ON op=1 dot=true   /session/pp_f62de0ec004f3bb1665266c93150e8c1\"
\"06:42:31.984 chip ON op=1 dot=true   /session/pp_f62de0ec004f3bb1665266c93150e8c1\"
\"06:42:32.714 chip ON op=1 dot=true   /session/pp_f62de0ec004f3bb1665266c93150e8c1\"
\"06:42:33.495 chip ON op=1 dot=true   /session/pp_f62de0ec004f3bb1665266c93150e8c1\"
\"06:42:34.293 chip ON op=1 dot=true   /session/pp_f62de0ec004f3bb1665266c93150e8c1\"
\"06:42:35.060 chip ON op=1 dot=true   /session/pp_f62de0ec004f3bb1665266c93150e8c1\"
\"06:42:35.865 chip ON op=1 dot=true   /session/pp_f62de0ec004f3bb1665266c93150e8c1\"
\"06:42:36.669 chip ON op=1 dot=true   /session/pp_f62de0ec004f3bb1665266c93150e8c1\"
\"06:42:37.457 chip ON op=1 dot=true   /session/pp_f62de0ec004f3bb1665266c93150e8c1\"
\"06:42:38.179 chip ON op=1 dot=true   /session/pp_f62de0ec004f3bb1665266c93150e8c1\"
\"06:42:38.914 chip ON op=1 dot=true   /session/pp_f62de0ec004f3bb1665266c93150e8c1\"
\"06:42:39.835 chip ON op=1 dot=true   /session/pp_f62de0ec004f3bb1665266c93150e8c1\"
\"06:42:40.639 chip ON op=1 dot=true   /session/pp_f62de0ec004f3bb1665266c93150e8c1\"
\"06:42:41.380 chip ON op=1 dot=true   /session/pp_f62de0ec004f3bb1665266c93150e8c1\"
\"06:42:42.148 chip ON op=1 dot=true   /session/pp_f62de0ec004f3bb1665266c93150e8c1\"
