\"06:55:41.853 nochip   /session/pp_82baad4df1ce5699c693bf512d993c06\"
\"06:55:42.857 nochip   /session/pp_82baad4df1ce5699c693bf512d993c06\"
\"06:55:43.863 nochip   /session/pp_82baad4df1ce5699c693bf512d993c06\"
\"06:55:44.779 nochip   /session/pp_82baad4df1ce5699c693bf512d993c06\"
\"06:55:45.965 nochip   /session/pp_82baad4df1ce5699c693bf512d993c06\"
\"06:55:47.089 nochip   /session/pp_82baad4df1ce5699c693bf512d993c06\"
\"06:55:48.122 nochip   /session/pp_82baad4df1ce5699c693bf512d993c06\"
\"06:55:49.066 nochip   /session/pp_82baad4df1ce5699c693bf512d993c06\"
\"06:55:49.891 nochip   /session/pp_82baad4df1ce5699c693bf512d993c06\"
\"06:55:50.652 nochip   /session/pp_82baad4df1ce5699c693bf512d993c06\"
\"06:55:51.439 nochip   /session/pp_82baad4df1ce5699c693bf512d993c06\"
\"06:55:52.552 nochip   /session/pp_82baad4df1ce5699c693bf512d993c06\"
\"06:55:53.575 nochip   /session/pp_82baad4df1ce5699c693bf512d993c06\"
\"06:55:54.790 nochip   /session/pp_82baad4df1ce5699c693bf512d993c06\"
\"06:55:55.902 nochip   /session/pp_82baad4df1ce5699c693bf512d993c06\"
\"06:55:56.907 nochip   /session/pp_82baad4df1ce5699c693bf512d993c06\"
\"06:55:57.887 nochip   /session/pp_82baad4df1ce5699c693bf512d993c06\"
\"06:55:58.759 nochip   /session/pp_82baad4df1ce5699c693bf512d993c06\"
\"06:55:59.625 nochip   /session/pp_82baad4df1ce5699c693bf512d993c06\"
\"06:56:00.423 nochip   /session/pp_82baad4df1ce5699c693bf512d993c06\"
\"06:56:01.215 nochip   /session/pp_82baad4df1ce5699c693bf512d993c06\"
\"06:56:02.012 nochip   /session/pp_82baad4df1ce5699c693bf512d993c06\"
\"06:56:02.774 nochip   /session/pp_82baad4df1ce5699c693bf512d993c06\"
\"06:56:03.557 nochip   /session/pp_82baad4df1ce5699c693bf512d993c06\"
\"06:56:04.293 nochip   /session/pp_82baad4df1ce5699c693bf512d993c06\"
\"06:56:05.119 nochip   /session/pp_82baad4df1ce5699c693bf512d993c06\"
\"06:56:05.941 nochip   /session/pp_82baad4df1ce5699c693bf512d993c06\"
\"06:56:06.737 nochip   /session/pp_82baad4df1ce5699c693bf512d993c06\"
\"06:56:07.493 nochip   /session/pp_82baad4df1ce5699c693bf512d993c06\"
\"06:56:08.470 nochip   /session/pp_82baad4df1ce5699c693bf512d993c06\"
\"06:56:09.424 nochip   /session/pp_82baad4df1ce5699c693bf512d993c06\"
\"06:56:11.292 nochip   /session/pp_82baad4df1ce5699c693bf512d993c06\"
\"06:56:13.230 nochip   /session/pp_82baad4df1ce5699c693bf512d993c06\"
\"06:56:14.762 nochip   /session/pp_82baad4df1ce5699c693bf512d993c06\"
\"06:56:15.891 nochip   /session/pp_82baad4df1ce5699c693bf512d993c06\"
\"06:56:16.596 nochip   /session/pp_82baad4df1ce5699c693bf512d993c06\"
\"06:56:17.317 nochip   /session/pp_82baad4df1ce5699c693bf512d993c06\"
\"06:56:18.044 nochip   /session/pp_82baad4df1ce5699c693bf512d993c06\"
\"06:56:18.733 nochip   /session/pp_82baad4df1ce5699c693bf512d993c06\"
\"06:56:19.420 nochip   /session/pp_82baad4df1ce5699c693bf512d993c06\"
\"06:56:20.107 nochip   /session/pp_82baad4df1ce5699c693bf512d993c06\"
\"06:56:20.811 nochip   /session/pp_82baad4df1ce5699c693bf512d993c06\"
\"06:56:21.529 nochip   /session/pp_82baad4df1ce5699c693bf512d993c06\"
\"06:56:22.247 nochip   /session/pp_82baad4df1ce5699c693bf512d993c06\"
\"06:57:34.169 nochip   blank\"
\"06:57:35.147 nochip   /session/pp_82baad4df1ce5699c693bf512d993c06\"
\"06:57:36.426 nochip   /session/pp_82baad4df1ce5699c693bf512d993c06\"
\"06:57:37.193 nochip  status:Reconnect terminal. terminal: hosted machine grant is missing /session/pp_82baad4df1ce5699c693bf512d993c06\"
\"06:57:37.980 nochip  status:Reconnect terminal. terminal: hosted machine grant is missing /session/pp_82baad4df1ce5699c693bf512d993c06\"
\"06:57:38.776 nochip  status:Reconnect terminal. terminal: hosted machine grant is missing /session/pp_82baad4df1ce5699c693bf512d993c06\"
\"06:57:39.545 nochip  status:Reconnect terminal. terminal: hosted machine grant is missing /session/pp_82baad4df1ce5699c693bf512d993c06\"
\"06:57:40.298 nochip  status:Reconnect terminal. terminal: hosted machine grant is missing /session/pp_82baad4df1ce5699c693bf512d993c06\"
\"06:57:41.084 nochip  status:Reconnect terminal. terminal: hosted machine grant is missing /session/pp_82baad4df1ce5699c693bf512d993c06\"
\"06:57:41.920 nochip  status:Reconnect terminal. terminal: hosted machine grant is missing /session/pp_82baad4df1ce5699c693bf512d993c06\"
\"06:57:42.900 nochip  status:Reconnect terminal. terminal: hosted machine grant is missing /session/pp_82baad4df1ce5699c693bf512d993c06\"
\"06:57:43.949 nochip  status:Reconnect terminal. terminal: hosted machine grant is missing /session/pp_82baad4df1ce5699c693bf512d993c06\"
\"06:57:44.827 nochip  status:Reconnect terminal. terminal: hosted machine grant is missing /session/pp_82baad4df1ce5699c693bf512d993c06\"
\"06:57:45.674 nochip  status:Reconnect terminal. terminal: hosted machine grant is missing /session/pp_82baad4df1ce5699c693bf512d993c06\"
\"06:57:46.458 nochip  status:Reconnect terminal. terminal: hosted machine grant is missing /session/pp_82baad4df1ce5699c693bf512d993c06\"
\"06:57:47.301 nochip  status:Reconnect terminal. terminal: hosted machine grant is missing /session/pp_82baad4df1ce5699c693bf512d993c06\"
\"06:57:48.121 nochip  status:Reconnect terminal. terminal: hosted machine grant is missing /session/pp_82baad4df1ce5699c693bf512d993c06\"
\"06:57:48.956 nochip  status:Reconnect terminal. terminal: hosted machine grant is missing /session/pp_82baad4df1ce5699c693bf512d993c06\"
\"06:57:49.756 nochip  status:Reconnect terminal. terminal: hosted machine grant is missing /session/pp_82baad4df1ce5699c693bf512d993c06\"
\"06:57:50.637 nochip  status:Reconnect terminal. terminal: hosted machine grant is missing /session/pp_82baad4df1ce5699c693bf512d993c06\"
\"06:57:51.439 nochip  status:Reconnect terminal. terminal: hosted machine grant is missing /session/pp_82baad4df1ce5699c693bf512d993c06\"
\"06:57:52.302 nochip  status:Reconnect terminal. terminal: hosted machine grant is missing /session/pp_82baad4df1ce5699c693bf512d993c06\"
\"06:57:53.151 nochip  status:Reconnect terminal. terminal: hosted machine grant is missing /session/pp_82baad4df1ce5699c693bf512d993c06\"
\"06:57:53.981 nochip  status:Reconnect terminal. terminal: hosted machine grant is missing /session/pp_82baad4df1ce5699c693bf512d993c06\"
\"06:57:54.869 nochip  status:Reconnect terminal. terminal: hosted machine grant is missing /session/pp_82baad4df1ce5699c693bf512d993c06\"
\"06:57:55.684 nochip  status:Reconnect terminal. terminal: hosted machine grant is missing /session/pp_82baad4df1ce5699c693bf512d993c06\"
\"06:57:56.465 nochip  status:Reconnect terminal. terminal: hosted machine grant is missing /session/pp_82baad4df1ce5699c693bf512d993c06\"
\"06:57:57.244 nochip  status:Reconnect terminal. terminal: hosted machine grant is missing /session/pp_82baad4df1ce5699c693bf512d993c06\"
\"06:57:58.141 nochip  status:Reconnect terminal. terminal: hosted machine grant is missing /session/pp_82baad4df1ce5699c693bf512d993c06\"
\"06:57:59.020 nochip  status:Reconnect terminal. terminal: hosted machine grant is missing /session/pp_82baad4df1ce5699c693bf512d993c06\"
\"06:57:59.978 nochip  status:Reconnect terminal. terminal: hosted machine grant is missing /session/pp_82baad4df1ce5699c693bf512d993c06\"
\"06:58:10.241 nochip   /session/pp_82baad4df1ce5699c693bf512d993c06\"
\"06:58:13.518 nochip   /session/pp_82baad4df1ce5699c693bf512d993c06\"
\"06:58:16.116 nochip   /session/pp_82baad4df1ce5699c693bf512d993c06\"
\"06:58:17.449 nochip   /session/pp_82baad4df1ce5699c693bf512d993c06\"
\"06:58:18.759 nochip  status:Reconnect terminal. terminal: hosted machine grant is missing /session/pp_82baad4df1ce5699c693bf512d993c06\"
\"06:58:19.598 nochip  status:Reconnect terminal. terminal: hosted machine grant is missing /session/pp_82baad4df1ce5699c693bf512d993c06\"
\"06:58:20.507 nochip  status:Reconnect terminal. terminal: hosted machine grant is missing /session/pp_82baad4df1ce5699c693bf512d993c06\"
\"06:58:21.510 nochip  status:Reconnect terminal. terminal: hosted machine grant is missing /session/pp_82baad4df1ce5699c693bf512d993c06\"
\"06:58:22.554 nochip  status:Reconnect terminal. terminal: hosted machine grant is missing /session/pp_82baad4df1ce5699c693bf512d993c06\"
\"06:58:23.454 nochip  status:Reconnect terminal. terminal: hosted machine grant is missing /session/pp_82baad4df1ce5699c693bf512d993c06\"
\"06:58:24.275 nochip  status:Reconnect terminal. terminal: hosted machine grant is missing /session/pp_82baad4df1ce5699c693bf512d993c06\"
\"06:58:25.051 nochip  status:Reconnect terminal. terminal: hosted machine grant is missing /session/pp_82baad4df1ce5699c693bf512d993c06\"
\"06:58:25.852 nochip  status:Reconnect terminal. terminal: hosted machine grant is missing /session/pp_82baad4df1ce5699c693bf512d993c06\"
\"06:58:26.643 nochip  status:Reconnect terminal. terminal: hosted machine grant is missing /session/pp_82baad4df1ce5699c693bf512d993c06\"
\"06:58:27.461 nochip  status:Reconnect terminal. terminal: hosted machine grant is missing /session/pp_82baad4df1ce5699c693bf512d993c06\"
\"06:58:28.283 nochip  status:Reconnect terminal. terminal: hosted machine grant is missing /session/pp_82baad4df1ce5699c693bf512d993c06\"
\"06:58:29.052 nochip  status:Reconnect terminal. terminal: hosted machine grant is missing /session/pp_82baad4df1ce5699c693bf512d993c06\"
\"06:58:29.888 nochip  status:Reconnect terminal. terminal: hosted machine grant is missing /session/pp_82baad4df1ce5699c693bf512d993c06\"
\"06:58:30.751 nochip  status:Reconnect terminal. terminal: hosted machine grant is missing /session/pp_82baad4df1ce5699c693bf512d993c06\"
\"06:58:31.551 nochip  status:Reconnect terminal. terminal: hosted machine grant is missing /session/pp_82baad4df1ce5699c693bf512d993c06\"
\"06:58:32.341 nochip  status:Reconnect terminal. terminal: hosted machine grant is missing /session/pp_82baad4df1ce5699c693bf512d993c06\"
\"06:58:33.140 nochip  status:Reconnect terminal. terminal: hosted machine grant is missing /session/pp_82baad4df1ce5699c693bf512d993c06\"
\"06:58:33.914 nochip  status:Reconnect terminal. terminal: hosted machine grant is missing /session/pp_82baad4df1ce5699c693bf512d993c06\"
\"06:58:34.683 nochip  status:Reconnect terminal. terminal: hosted machine grant is missing /session/pp_82baad4df1ce5699c693bf512d993c06\"
\"06:58:35.530 nochip  status:Reconnect terminal. terminal: hosted machine grant is missing /session/pp_82baad4df1ce5699c693bf512d993c06\"
\"06:58:36.406 nochip  status:Reconnect terminal. terminal: hosted machine grant is missing /session/pp_82baad4df1ce5699c693bf512d993c06\"
\"06:58:37.319 nochip  status:Reconnect terminal. terminal: hosted machine grant is missing /session/pp_82baad4df1ce5699c693bf512d993c06\"
\"06:58:38.340 nochip  status:Reconnect terminal. terminal: hosted machine grant is missing /session/pp_82baad4df1ce5699c693bf512d993c06\"
\"06:58:39.322 nochip  status:Reconnect terminal. terminal: hosted machine grant is missing /session/pp_82baad4df1ce5699c693bf512d993c06\"
\"06:58:40.390 nochip  status:Reconnect terminal. terminal: hosted machine grant is missing /session/pp_82baad4df1ce5699c693bf512d993c06\"
\"06:58:41.501 nochip  status:Reconnect terminal. terminal: hosted machine grant is missing /session/pp_82baad4df1ce5699c693bf512d993c06\"
\"06:58:42.355 nochip  status:Reconnect terminal. terminal: hosted machine grant is missing /session/pp_82baad4df1ce5699c693bf512d993c06\"
\"06:58:43.257 nochip  status:Reconnect terminal. terminal: hosted machine grant is missing /session/pp_82baad4df1ce5699c693bf512d993c06\"
\"06:58:44.066 nochip  status:Reconnect terminal. terminal: hosted machine grant is missing /session/pp_82baad4df1ce5699c693bf512d993c06\"
\"06:58:44.893 nochip  status:Reconnect terminal. terminal: hosted machine grant is missing /session/pp_82baad4df1ce5699c693bf512d993c06\"
\"06:58:45.685 nochip  status:Reconnect terminal. terminal: hosted machine grant is missing /session/pp_82baad4df1ce5699c693bf512d993c06\"
\"06:58:46.473 nochip  status:Reconnect terminal. terminal: hosted machine grant is missing /session/pp_82baad4df1ce5699c693bf512d993c06\"
\"06:58:47.530 nochip  status:Reconnect terminal. terminal: hosted machine grant is missing /session/pp_82baad4df1ce5699c693bf512d993c06\"
\"06:58:48.378 nochip  status:Reconnect terminal. terminal: hosted machine grant is missing /session/pp_82baad4df1ce5699c693bf512d993c06\"
\"06:58:49.210 nochip  status:Reconnect terminal. terminal: hosted machine grant is missing /session/pp_82baad4df1ce5699c693bf512d993c06\"
\"06:58:50.137 nochip  status:Reconnect terminal. terminal: hosted machine grant is missing /session/pp_82baad4df1ce5699c693bf512d993c06\"
\"06:58:51.048 nochip  status:Reconnect terminal. terminal: hosted machine grant is missing /session/pp_82baad4df1ce5699c693bf512d993c06\"
\"06:58:53.118 nochip   /pair\"
\"06:58:54.029 nochip   /pair\"
\"06:58:54.928 nochip   /pair\"
\"06:58:55.920 nochip   /pair\"
\"06:58:56.827 nochip   /pair\"
\"06:58:57.807 nochip   /pair\"
\"06:58:58.642 nochip   /pair\"
\"06:58:59.510 nochip   /pair\"
\"06:59:00.432 nochip   /pair\"
\"06:59:01.450 nochip   /pair\"
\"06:59:02.395 nochip   /pair\"
\"06:59:03.409 nochip   /pair\"
\"06:59:04.447 nochip   /pair\"
\"06:59:05.233 nochip   /pair\"
\"06:59:06.008 nochip   /pair\"
\"06:59:06.743 nochip   /pair\"
\"06:59:08.076 nochip   /pair\"
\"06:59:08.850 nochip   /pair\"
\"06:59:09.656 nochip   /pair\"
\"06:59:10.415 nochip   /pair\"
\"06:59:11.188 nochip   /pair\"
\"06:59:11.966 nochip   /pair\"
\"06:59:12.991 nochip   /pair\"
\"06:59:13.793 nochip   /pair\"
\"06:59:14.603 nochip   /pair\"
\"06:59:15.354 nochip   /pair\"
\"06:59:16.073 nochip   /pair\"
\"06:59:16.788 nochip   /pair\"
\"06:59:17.528 nochip   /pair\"
\"06:59:18.270 nochip   /pair\"
\"06:59:18.993 nochip   /pair\"
\"06:59:20.321 nochip   /pair\"
\"06:59:21.037 nochip   /pair\"
\"06:59:24.264 nochip   /\"
\"06:59:33.884 nochip   /\"
\"06:59:36.131 nochip   /\"
\"06:59:36.947 nochip   /\"
\"06:59:48.928 nochip   /session/pp_82baad4df1ce5699c693bf512d993c06\"
\"06:59:49.632 nochip  status:Reconnect terminal. terminal: link refused the pane stream /session/pp_82baad4df1ce5699c693bf512d993c06\"
\"06:59:50.339 nochip  status:Reconnect terminal. terminal: link refused the pane stream /session/pp_82baad4df1ce5699c693bf512d993c06\"
\"06:59:51.027 nochip  status:Reconnect terminal. terminal: link refused the pane stream /session/pp_82baad4df1ce5699c693bf512d993c06\"
\"06:59:51.942 nochip  status:Reconnect terminal. terminal: link refused the pane stream /session/pp_82baad4df1ce5699c693bf512d993c06\"
\"06:59:53.631 nochip  status:Reconnect terminal. terminal: link refused the pane stream /session/pp_82baad4df1ce5699c693bf512d993c06\"
\"06:59:54.346 nochip  status:Reconnect terminal. terminal: link refused the pane stream /session/pp_82baad4df1ce5699c693bf512d993c06\"
\"06:59:55.041 nochip  status:Reconnect terminal. terminal: link refused the pane stream /session/pp_82baad4df1ce5699c693bf512d993c06\"
\"06:59:55.737 nochip  status:Reconnect terminal. terminal: link refused the pane stream /session/pp_82baad4df1ce5699c693bf512d993c06\"
\"06:59:56.437 nochip  status:Reconnect terminal. terminal: link refused the pane stream /session/pp_82baad4df1ce5699c693bf512d993c06\"
\"06:59:57.147 nochip   /session/pp_82baad4df1ce5699c693bf512d993c06\"
\"07:00:04.644 nochip   /session/pp_82baad4df1ce5699c693bf512d993c06\"
\"07:00:05.539 nochip   /session/pp_82baad4df1ce5699c693bf512d993c06\"
\"07:00:06.325 nochip   /session/pp_82baad4df1ce5699c693bf512d993c06\"
\"07:00:07.079 nochip   /session/pp_82baad4df1ce5699c693bf512d993c06\"
\"07:00:07.794 nochip   /session/pp_82baad4df1ce5699c693bf512d993c06\"
\"07:00:08.485 nochip   /session/pp_82baad4df1ce5699c693bf512d993c06\"
\"07:00:09.181 nochip   /session/pp_82baad4df1ce5699c693bf512d993c06\"
\"07:00:09.877 nochip   /session/pp_82baad4df1ce5699c693bf512d993c06\"
\"07:00:10.610 nochip   /session/pp_82baad4df1ce5699c693bf512d993c06\"
\"07:00:11.346 nochip   /session/pp_82baad4df1ce5699c693bf512d993c06\"
\"07:00:12.066 nochip   /session/pp_82baad4df1ce5699c693bf512d993c06\"
\"07:00:12.845 nochip   /session/pp_82baad4df1ce5699c693bf512d993c06\"
\"07:00:13.633 nochip   /session/pp_82baad4df1ce5699c693bf512d993c06\"
\"07:00:14.395 nochip   /session/pp_82baad4df1ce5699c693bf512d993c06\"
\"07:00:15.159 nochip   /session/pp_82baad4df1ce5699c693bf512d993c06\"
\"07:00:15.878 nochip   /session/pp_82baad4df1ce5699c693bf512d993c06\"
\"07:00:16.594 nochip   /session/pp_82baad4df1ce5699c693bf512d993c06\"
\"07:00:17.287 nochip   /session/pp_82baad4df1ce5699c693bf512d993c06\"
\"07:00:18.093 nochip   /session/pp_82baad4df1ce5699c693bf512d993c06\"
\"07:00:18.989 nochip   /session/pp_82baad4df1ce5699c693bf512d993c06\"
\"07:00:20.354 nochip   /session/pp_82baad4df1ce5699c693bf512d993c06\"
\"07:00:21.815 nochip   /session/pp_82baad4df1ce5699c693bf512d993c06\"
\"07:00:23.196 nochip   /session/pp_82baad4df1ce5699c693bf512d993c06\"
\"07:00:24.176 nochip   /session/pp_82baad4df1ce5699c693bf512d993c06\"
\"07:00:24.876 nochip   /session/pp_82baad4df1ce5699c693bf512d993c06\"
\"07:00:25.599 nochip   /session/pp_82baad4df1ce5699c693bf512d993c06\"
\"07:00:26.286 nochip   /session/pp_82baad4df1ce5699c693bf512d993c06\"
\"07:00:26.974 nochip   /session/pp_82baad4df1ce5699c693bf512d993c06\"
\"07:00:27.667 nochip   /session/pp_82baad4df1ce5699c693bf512d993c06\"
\"07:00:28.355 nochip   /session/pp_82baad4df1ce5699c693bf512d993c06\"
\"07:00:29.043 nochip   /session/pp_82baad4df1ce5699c693bf512d993c06\"
\"07:00:29.742 nochip   /session/pp_82baad4df1ce5699c693bf512d993c06\"
\"07:00:30.427 nochip   /session/pp_82baad4df1ce5699c693bf512d993c06\"
\"07:00:31.196 nochip   /session/pp_82baad4df1ce5699c693bf512d993c06\"
\"07:00:31.887 nochip   /session/pp_82baad4df1ce5699c693bf512d993c06\"
\"07:00:32.575 nochip   /session/pp_82baad4df1ce5699c693bf512d993c06\"
\"07:00:33.271 nochip   /session/pp_82baad4df1ce5699c693bf512d993c06\"
\"07:00:33.961 nochip   /session/pp_82baad4df1ce5699c693bf512d993c06\"
\"07:00:43.630 nochip   /session/pp_82baad4df1ce5699c693bf512d993c06\"
\"07:00:44.683 nochip   /session/pp_82baad4df1ce5699c693bf512d993c06\"
\"07:00:45.440 nochip   /session/pp_82baad4df1ce5699c693bf512d993c06\"
\"07:00:46.199 nochip   /session/pp_82baad4df1ce5699c693bf512d993c06\"
\"07:00:47.958 chip ON op=1 dot=true tip:Your agent opened a browserExample DomainNot nowWatch  /session/pp_82baad4df1ce5699c693bf512d993c06\"
\"07:00:49.281 chip ON op=1 dot=true tip:Your agent opened a browserExample DomainNot nowWatch  /session/pp_82baad4df1ce5699c693bf512d993c06\"
\"07:00:50.042 chip ON op=1 dot=true tip:Your agent opened a browserExample DomainNot nowWatch  /session/pp_82baad4df1ce5699c693bf512d993c06\"
\"07:00:50.781 chip ON op=1 dot=true tip:Your agent opened a browserExample DomainNot nowWatch  /session/pp_82baad4df1ce5699c693bf512d993c06\"
\"07:00:51.911 chip ON op=1 dot=true tip:Your agent opened a browserExample DomainNot nowWatch  /session/pp_82baad4df1ce5699c693bf512d993c06\"
\"07:00:53.231 chip ON op=1 dot=true tip:Your agent opened a browserExample DomainNot nowWatch  /session/pp_82baad4df1ce5699c693bf512d993c06\"
\"07:00:55.084 chip ON op=1 dot=true   /session/pp_82baad4df1ce5699c693bf512d993c06\"
\"07:00:56.618 chip ON op=1 dot=true   /session/pp_82baad4df1ce5699c693bf512d993c06\"
\"07:00:58.173 chip ON op=1 dot=true   /session/pp_82baad4df1ce5699c693bf512d993c06\"
\"07:01:00.026 chip ON op=1 dot=true   /session/pp_82baad4df1ce5699c693bf512d993c06\"
\"07:01:01.481 chip ON op=1 dot=true   /session/pp_82baad4df1ce5699c693bf512d993c06\"
\"07:01:02.666 chip ON op=1 dot=true   /session/pp_82baad4df1ce5699c693bf512d993c06\"
\"07:01:04.448 chip ON op=1 dot=true   /session/pp_82baad4df1ce5699c693bf512d993c06\"
\"07:01:06.692 chip ON op=1 dot=true   /session/pp_82baad4df1ce5699c693bf512d993c06\"
\"07:01:08.165 chip ON op=1 dot=true   /session/pp_82baad4df1ce5699c693bf512d993c06\"
\"07:01:09.577 chip ON op=1 dot=true   /session/pp_82baad4df1ce5699c693bf512d993c06\"
\"07:01:10.837 chip ON op=1 dot=true   /session/pp_82baad4df1ce5699c693bf512d993c06\"
\"07:01:11.738 chip ON op=1 dot=true   /session/pp_82baad4df1ce5699c693bf512d993c06\"
\"07:01:12.813 chip ON op=1 dot=true   /session/pp_82baad4df1ce5699c693bf512d993c06\"
\"07:01:14.053 chip ON op=1 dot=true   /session/pp_82baad4df1ce5699c693bf512d993c06\"
\"07:01:15.649 chip ON op=1 dot=true   /session/pp_82baad4df1ce5699c693bf512d993c06\"
\"07:01:17.104 chip ON op=1 dot=true   /session/pp_82baad4df1ce5699c693bf512d993c06\"
\"07:01:19.298 chip ON op=1 dot=true   /session/pp_82baad4df1ce5699c693bf512d993c06\"
\"07:01:20.838 chip ON op=1 dot=true   /session/pp_82baad4df1ce5699c693bf512d993c06\"
\"07:01:23.533 chip ON op=1 dot=true   /session/pp_82baad4df1ce5699c693bf512d993c06\"
\"07:01:26.110 chip ON op=1 dot=true   /session/pp_82baad4df1ce5699c693bf512d993c06\"
\"07:01:27.465 chip ON op=1 dot=true   /session/pp_82baad4df1ce5699c693bf512d993c06\"
\"07:01:28.522 chip ON op=1 dot=true   /session/pp_82baad4df1ce5699c693bf512d993c06\"
\"07:01:29.769 chip ON op=1 dot=true   /session/pp_82baad4df1ce5699c693bf512d993c06\"
\"07:01:30.837 chip ON op=1 dot=true   /session/pp_82baad4df1ce5699c693bf512d993c06\"
\"07:01:31.672 chip ON op=1 dot=true   /session/pp_82baad4df1ce5699c693bf512d993c06\"
\"07:01:32.794 chip ON op=1 dot=true   /session/pp_82baad4df1ce5699c693bf512d993c06\"
\"07:01:33.691 chip ON op=1 dot=true   /session/pp_82baad4df1ce5699c693bf512d993c06\"
\"07:01:34.508 chip ON op=1 dot=true   /session/pp_82baad4df1ce5699c693bf512d993c06\"
\"07:01:35.313 chip ON op=1 dot=true   /session/pp_82baad4df1ce5699c693bf512d993c06\"
\"07:01:36.217 chip ON op=1 dot=true   /session/pp_82baad4df1ce5699c693bf512d993c06\"
\"07:01:37.115 chip ON op=1 dot=true   /session/pp_82baad4df1ce5699c693bf512d993c06\"
\"07:01:38.211 chip ON op=1 dot=true   /session/pp_82baad4df1ce5699c693bf512d993c06\"
\"07:01:39.121 chip ON op=1 dot=true   /session/pp_82baad4df1ce5699c693bf512d993c06\"
\"07:01:40.025 chip ON op=1 dot=true   /session/pp_82baad4df1ce5699c693bf512d993c06\"
\"07:01:41.067 chip ON op=1 dot=true   /session/pp_82baad4df1ce5699c693bf512d993c06\"
\"07:01:42.002 chip ON op=1 dot=true   /session/pp_82baad4df1ce5699c693bf512d993c06\"
\"07:01:42.949 chip ON op=1 dot=true   /session/pp_82baad4df1ce5699c693bf512d993c06\"
\"07:01:43.867 chip ON op=1 dot=true   /session/pp_82baad4df1ce5699c693bf512d993c06\"
\"07:01:44.898 chip ON op=1 dot=true   /session/pp_82baad4df1ce5699c693bf512d993c06\"
\"07:01:45.809 chip ON op=1 dot=true   /session/pp_82baad4df1ce5699c693bf512d993c06\"
\"07:01:46.996 chip ON op=1 dot=true   /session/pp_82baad4df1ce5699c693bf512d993c06\"
\"07:01:49.258 chip ON op=1 dot=true   /session/pp_82baad4df1ce5699c693bf512d993c06\"
\"07:01:51.535 chip ON op=1 dot=true   /session/pp_82baad4df1ce5699c693bf512d993c06\"
\"07:01:54.535 chip ON op=1 dot=true   /session/pp_82baad4df1ce5699c693bf512d993c06\"
\"07:01:56.895 chip ON op=1 dot=true   /session/pp_82baad4df1ce5699c693bf512d993c06\"
\"07:01:58.924 chip ON op=1 dot=true   /session/pp_82baad4df1ce5699c693bf512d993c06\"
\"07:02:01.032 chip ON op=1 dot=true   /session/pp_82baad4df1ce5699c693bf512d993c06\"
\"07:02:03.517 chip ON op=1 dot=true   /session/pp_82baad4df1ce5699c693bf512d993c06\"
\"07:02:06.636 chip ON op=1 dot=true   /session/pp_82baad4df1ce5699c693bf512d993c06\"
\"07:02:09.433 chip ON op=1 dot=true   /session/pp_82baad4df1ce5699c693bf512d993c06\"
\"07:02:12.879 chip ON op=1 dot=true   /session/pp_82baad4df1ce5699c693bf512d993c06\"
\"07:02:16.430 chip ON op=1 dot=true   /session/pp_82baad4df1ce5699c693bf512d993c06\"
\"07:02:19.098 chip ON op=1 dot=true   /session/pp_82baad4df1ce5699c693bf512d993c06\"
\"07:02:20.074 chip ON op=1 dot=true   /session/pp_82baad4df1ce5699c693bf512d993c06\"
\"07:02:21.140 chip ON op=1 dot=true   /session/pp_82baad4df1ce5699c693bf512d993c06\"
\"07:02:22.235 chip ON op=1 dot=true   /session/pp_82baad4df1ce5699c693bf512d993c06\"
\"07:02:23.241 chip ON op=1 dot=true   /session/pp_82baad4df1ce5699c693bf512d993c06\"
\"07:02:27.257 chip ON op=1 dot=true   /session/pp_82baad4df1ce5699c693bf512d993c06\"
\"07:02:28.186 chip ON op=1 dot=true   /session/pp_82baad4df1ce5699c693bf512d993c06\"
\"07:02:29.560 chip ON op=1 dot=true   /session/pp_82baad4df1ce5699c693bf512d993c06\"
\"07:02:31.058 chip ON op=1 dot=true   /session/pp_82baad4df1ce5699c693bf512d993c06\"
\"07:02:32.496 chip ON op=1 dot=true   /session/pp_82baad4df1ce5699c693bf512d993c06\"
\"07:02:33.895 chip ON op=1 dot=true   /session/pp_82baad4df1ce5699c693bf512d993c06\"
\"07:02:36.347 chip ON op=1 dot=true   /session/pp_82baad4df1ce5699c693bf512d993c06\"
\"07:02:37.378 chip ON op=1 dot=true   /session/pp_82baad4df1ce5699c693bf512d993c06\"
\"07:02:38.608 chip ON op=1 dot=true   /session/pp_82baad4df1ce5699c693bf512d993c06\"
\"07:02:39.969 chip ON op=1 dot=true   /session/pp_82baad4df1ce5699c693bf512d993c06\"
\"07:02:41.119 chip ON op=1 dot=true   /session/pp_82baad4df1ce5699c693bf512d993c06\"
\"07:02:42.874 chip ON op=1 dot=true   /session/pp_82baad4df1ce5699c693bf512d993c06\"
\"07:02:44.504 chip ON op=1 dot=true   /session/pp_82baad4df1ce5699c693bf512d993c06\"
\"07:02:45.842 chip ON op=1 dot=true   /session/pp_82baad4df1ce5699c693bf512d993c06\"
\"07:02:46.823 chip ON op=1 dot=true   /session/pp_82baad4df1ce5699c693bf512d993c06\"
\"07:02:47.934 chip ON op=1 dot=true   /session/pp_82baad4df1ce5699c693bf512d993c06\"
\"07:02:49.530 chip ON op=1 dot=true   /session/pp_82baad4df1ce5699c693bf512d993c06\"
\"07:02:50.588 chip ON op=1 dot=true   /session/pp_82baad4df1ce5699c693bf512d993c06\"
\"07:02:51.803 chip ON op=1 dot=true   /session/pp_82baad4df1ce5699c693bf512d993c06\"
\"07:02:52.790 chip ON op=1 dot=true   /session/pp_82baad4df1ce5699c693bf512d993c06\"
\"07:02:53.991 chip ON op=1 dot=true   /session/pp_82baad4df1ce5699c693bf512d993c06\"
\"07:02:54.938 chip ON op=1 dot=true   /session/pp_82baad4df1ce5699c693bf512d993c06\"
\"07:02:55.906 chip ON op=1 dot=true   /session/pp_82baad4df1ce5699c693bf512d993c06\"
\"07:02:56.988 chip ON op=1 dot=true   /session/pp_82baad4df1ce5699c693bf512d993c06\"
\"07:02:57.922 chip ON op=1 dot=true   /session/pp_82baad4df1ce5699c693bf512d993c06\"
\"07:02:58.815 chip ON op=1 dot=true   /session/pp_82baad4df1ce5699c693bf512d993c06\"
\"07:02:59.695 chip ON op=1 dot=true   /session/pp_82baad4df1ce5699c693bf512d993c06\"
\"07:03:00.578 chip ON op=1 dot=true   /session/pp_82baad4df1ce5699c693bf512d993c06\"
\"07:03:01.745 chip ON op=1 dot=true   /session/pp_82baad4df1ce5699c693bf512d993c06\"
\"07:03:02.726 chip ON op=1 dot=true   /session/pp_82baad4df1ce5699c693bf512d993c06\"
\"07:03:03.542 chip ON op=1 dot=true   /session/pp_82baad4df1ce5699c693bf512d993c06\"
\"07:03:04.519 chip ON op=1 dot=true   /session/pp_82baad4df1ce5699c693bf512d993c06\"
\"07:03:05.495 chip ON op=1 dot=true   /session/pp_82baad4df1ce5699c693bf512d993c06\"
\"07:03:06.402 chip ON op=1 dot=true   /session/pp_82baad4df1ce5699c693bf512d993c06\"
\"07:03:07.608 chip ON op=1 dot=true   /session/pp_82baad4df1ce5699c693bf512d993c06\"
\"07:03:08.855 chip ON op=1 dot=true   /session/pp_82baad4df1ce5699c693bf512d993c06\"
\"07:03:09.857 chip ON op=1 dot=true   /session/pp_82baad4df1ce5699c693bf512d993c06\"
\"07:03:10.684 chip ON op=1 dot=true   /session/pp_82baad4df1ce5699c693bf512d993c06\"
\"07:03:13.566 chip ON op=1 dot=true   /session/pp_82baad4df1ce5699c693bf512d993c06\"
\"07:03:16.776 chip ON op=1 dot=true   /session/pp_82baad4df1ce5699c693bf512d993c06\"
\"07:03:18.975 chip ON op=1 dot=true   /session/pp_82baad4df1ce5699c693bf512d993c06\"
\"07:03:20.683 chip ON op=1 dot=true   /session/pp_82baad4df1ce5699c693bf512d993c06\"
\"07:03:21.526 chip ON op=1 dot=true   /session/pp_82baad4df1ce5699c693bf512d993c06\"
\"07:03:22.329 chip ON op=1 dot=true   /session/pp_82baad4df1ce5699c693bf512d993c06\"
\"07:03:23.109 chip ON op=1 dot=true   /session/pp_82baad4df1ce5699c693bf512d993c06\"
\"07:03:24.097 chip ON op=1 dot=true   /session/pp_82baad4df1ce5699c693bf512d993c06\"
\"07:03:24.831 chip ON op=1 dot=true   /session/pp_82baad4df1ce5699c693bf512d993c06\"
\"07:03:25.572 chip ON op=1 dot=true   /session/pp_82baad4df1ce5699c693bf512d993c06\"
\"07:03:26.296 chip ON op=1 dot=true   /session/pp_82baad4df1ce5699c693bf512d993c06\"
\"07:03:27.250 chip ON op=1 dot=true   /session/pp_82baad4df1ce5699c693bf512d993c06\"
\"07:03:28.288 chip ON op=1 dot=true   /session/pp_82baad4df1ce5699c693bf512d993c06\"
\"07:03:29.004 chip ON op=1 dot=true   /session/pp_82baad4df1ce5699c693bf512d993c06\"
\"07:03:29.731 chip ON op=1 dot=true   /session/pp_82baad4df1ce5699c693bf512d993c06\"
\"07:03:30.453 chip ON op=1 dot=true   /session/pp_82baad4df1ce5699c693bf512d993c06\"
\"07:03:31.194 chip ON op=1 dot=true   /session/pp_82baad4df1ce5699c693bf512d993c06\"
\"07:03:31.927 chip ON op=1 dot=true   /session/pp_82baad4df1ce5699c693bf512d993c06\"
\"07:03:33.292 chip ON op=1 dot=true   /session/pp_82baad4df1ce5699c693bf512d993c06\"
\"07:03:33.989 chip ON op=1 dot=true   /session/pp_82baad4df1ce5699c693bf512d993c06\"
\"07:03:34.799 chip ON op=1 dot=true   /session/pp_82baad4df1ce5699c693bf512d993c06\"
\"07:03:36.574 chip ON op=1 dot=true   /session/pp_82baad4df1ce5699c693bf512d993c06\"
\"07:03:37.686 chip ON op=1 dot=true   /session/pp_82baad4df1ce5699c693bf512d993c06\"
\"07:03:38.394 chip ON op=1 dot=true   /session/pp_82baad4df1ce5699c693bf512d993c06\"
\"07:03:39.401 chip ON op=1 dot=true   /session/pp_82baad4df1ce5699c693bf512d993c06\"
\"07:03:40.236 chip ON op=1 dot=true   /session/pp_82baad4df1ce5699c693bf512d993c06\"
\"07:03:40.956 chip ON op=1 dot=true   /session/pp_82baad4df1ce5699c693bf512d993c06\"
\"07:03:41.714 chip ON op=1 dot=true   /session/pp_82baad4df1ce5699c693bf512d993c06\"
\"07:03:42.431 chip ON op=1 dot=true   /session/pp_82baad4df1ce5699c693bf512d993c06\"
\"07:03:43.156 chip ON op=1 dot=true   /session/pp_82baad4df1ce5699c693bf512d993c06\"
\"07:03:43.861 chip ON op=1 dot=true   /session/pp_82baad4df1ce5699c693bf512d993c06\"
\"07:04:14.055 chip ON op=1 dot=true   /session/pp_82baad4df1ce5699c693bf512d993c06\"
\"07:04:14.849 chip ON op=1 dot=true   /session/pp_82baad4df1ce5699c693bf512d993c06\"
\"07:04:15.629 chip ON op=1 dot=true   /session/pp_82baad4df1ce5699c693bf512d993c06\"
\"07:04:16.431 chip ON op=1 dot=true   /session/pp_82baad4df1ce5699c693bf512d993c06\"
\"07:04:17.146 chip ON op=1 dot=true   /session/pp_82baad4df1ce5699c693bf512d993c06\"
\"07:04:17.903 chip ON op=1 dot=true   /session/pp_82baad4df1ce5699c693bf512d993c06\"
\"07:04:18.654 chip ON op=1 dot=true   /session/pp_82baad4df1ce5699c693bf512d993c06\"
\"07:04:19.421 chip ON op=1 dot=true   /session/pp_82baad4df1ce5699c693bf512d993c06\"
\"07:04:20.192 chip ON op=1 dot=true   /session/pp_82baad4df1ce5699c693bf512d993c06\"
\"07:04:20.955 chip ON op=1 dot=true   /session/pp_82baad4df1ce5699c693bf512d993c06\"
\"07:04:21.680 chip ON op=1 dot=true   /session/pp_82baad4df1ce5699c693bf512d993c06\"
\"07:04:22.432 chip ON op=1 dot=true   /session/pp_82baad4df1ce5699c693bf512d993c06\"
\"07:04:23.203 chip ON op=1 dot=true   /session/pp_82baad4df1ce5699c693bf512d993c06\"
\"07:04:23.955 chip ON op=1 dot=true   /session/pp_82baad4df1ce5699c693bf512d993c06\"
\"07:04:24.687 chip ON op=1 dot=true   /session/pp_82baad4df1ce5699c693bf512d993c06\"
\"07:04:25.446 chip ON op=1 dot=true   /session/pp_82baad4df1ce5699c693bf512d993c06\"
\"07:04:26.221 chip ON op=1 dot=true   /session/pp_82baad4df1ce5699c693bf512d993c06\"
\"07:04:26.985 chip ON op=1 dot=true   /session/pp_82baad4df1ce5699c693bf512d993c06\"
\"07:04:27.746 chip ON op=1 dot=true   /session/pp_82baad4df1ce5699c693bf512d993c06\"
\"07:04:28.579 chip ON op=1 dot=true   /session/pp_82baad4df1ce5699c693bf512d993c06\"
\"07:04:29.474 chip ON op=1 dot=true   /session/pp_82baad4df1ce5699c693bf512d993c06\"
\"07:04:30.235 chip ON op=1 dot=true   /session/pp_82baad4df1ce5699c693bf512d993c06\"
\"07:04:31.043 chip ON op=1 dot=true   /session/pp_82baad4df1ce5699c693bf512d993c06\"
\"07:04:31.858 chip ON op=1 dot=true   /session/pp_82baad4df1ce5699c693bf512d993c06\"
\"07:04:32.602 chip ON op=1 dot=true   /session/pp_82baad4df1ce5699c693bf512d993c06\"
\"07:04:33.328 chip ON op=1 dot=true   /session/pp_82baad4df1ce5699c693bf512d993c06\"
\"07:04:34.045 chip ON op=1 dot=true   /session/pp_82baad4df1ce5699c693bf512d993c06\"
\"07:04:34.804 nochip   /session/pp_82baad4df1ce5699c693bf512d993c06\"
\"07:04:35.531 nochip   /session/pp_82baad4df1ce5699c693bf512d993c06\"
\"07:04:36.275 nochip   /session/pp_82baad4df1ce5699c693bf512d993c06\"
\"07:04:37.073 nochip   /session/pp_82baad4df1ce5699c693bf512d993c06\"
\"07:04:37.829 nochip   /session/pp_82baad4df1ce5699c693bf512d993c06\"
\"07:04:38.624 nochip   /session/pp_82baad4df1ce5699c693bf512d993c06\"
\"07:04:39.410 nochip   /session/pp_82baad4df1ce5699c693bf512d993c06\"
\"07:04:40.211 nochip   /session/pp_82baad4df1ce5699c693bf512d993c06\"
\"07:04:40.990 nochip   /session/pp_82baad4df1ce5699c693bf512d993c06\"
\"07:04:41.780 nochip   /session/pp_82baad4df1ce5699c693bf512d993c06\"
\"07:04:42.527 nochip   /session/pp_82baad4df1ce5699c693bf512d993c06\"
\"07:04:43.307 nochip   /session/pp_82baad4df1ce5699c693bf512d993c06\"
\"07:04:44.068 nochip   /session/pp_82baad4df1ce5699c693bf512d993c06\"
\"07:04:44.834 nochip   /session/pp_82baad4df1ce5699c693bf512d993c06\"
\"07:04:45.559 nochip   /session/pp_82baad4df1ce5699c693bf512d993c06\"
\"07:04:46.309 nochip   /session/pp_82baad4df1ce5699c693bf512d993c06\"
\"07:04:47.124 nochip   /session/pp_82baad4df1ce5699c693bf512d993c06\"
\"07:04:48.105 nochip   /session/pp_82baad4df1ce5699c693bf512d993c06\"
\"07:04:48.841 nochip   /session/pp_82baad4df1ce5699c693bf512d993c06\"
\"07:04:49.559 nochip   /session/pp_82baad4df1ce5699c693bf512d993c06\"
\"07:04:50.885 nochip   /session/pp_82baad4df1ce5699c693bf512d993c06\"
\"07:04:51.877 nochip   /session/pp_82baad4df1ce5699c693bf512d993c06\"
\"07:04:52.626 nochip   /session/pp_82baad4df1ce5699c693bf512d993c06\"
\"07:04:53.331 nochip   /session/pp_82baad4df1ce5699c693bf512d993c06\"
\"07:04:54.120 nochip   /session/pp_82baad4df1ce5699c693bf512d993c06\"
\"07:04:54.828 nochip   /session/pp_82baad4df1ce5699c693bf512d993c06\"
\"07:04:55.514 nochip   /session/pp_82baad4df1ce5699c693bf512d993c06\"
\"07:04:56.337 nochip   /session/pp_82baad4df1ce5699c693bf512d993c06\"
\"07:04:57.242 nochip   /session/pp_82baad4df1ce5699c693bf512d993c06\"
\"07:04:57.954 nochip   /session/pp_82baad4df1ce5699c693bf512d993c06\"
\"07:04:58.674 nochip   /session/pp_82baad4df1ce5699c693bf512d993c06\"
\"07:04:59.394 nochip   /session/pp_82baad4df1ce5699c693bf512d993c06\"
\"07:05:00.228 nochip   /session/pp_82baad4df1ce5699c693bf512d993c06\"
\"07:05:00.962 nochip   /session/pp_82baad4df1ce5699c693bf512d993c06\"
\"07:05:01.698 nochip   /session/pp_82baad4df1ce5699c693bf512d993c06\"
\"07:05:02.439 nochip   /session/pp_82baad4df1ce5699c693bf512d993c06\"
\"07:05:03.172 nochip   /session/pp_82baad4df1ce5699c693bf512d993c06\"
\"07:05:03.929 nochip   /session/pp_82baad4df1ce5699c693bf512d993c06\"
\"07:05:04.672 nochip   /session/pp_82baad4df1ce5699c693bf512d993c06\"
\"07:05:05.415 nochip   /session/pp_82baad4df1ce5699c693bf512d993c06\"
\"07:05:06.145 nochip   /session/pp_82baad4df1ce5699c693bf512d993c06\"
\"07:05:06.871 nochip   /session/pp_82baad4df1ce5699c693bf512d993c06\"
\"07:05:07.606 nochip   /session/pp_82baad4df1ce5699c693bf512d993c06\"
\"07:05:08.336 nochip   /session/pp_82baad4df1ce5699c693bf512d993c06\"
\"07:05:09.057 nochip   /session/pp_82baad4df1ce5699c693bf512d993c06\"
\"07:05:09.786 nochip   /session/pp_82baad4df1ce5699c693bf512d993c06\"
\"07:05:10.535 nochip   /session/pp_82baad4df1ce5699c693bf512d993c06\"
\"07:05:11.323 nochip   /session/pp_82baad4df1ce5699c693bf512d993c06\"
\"07:05:12.078 nochip   /session/pp_82baad4df1ce5699c693bf512d993c06\"
\"07:05:12.837 nochip   /session/pp_82baad4df1ce5699c693bf512d993c06\"
\"07:05:13.576 nochip   /session/pp_82baad4df1ce5699c693bf512d993c06\"
\"07:05:14.314 nochip   /session/pp_82baad4df1ce5699c693bf512d993c06\"
\"07:05:15.058 nochip   /session/pp_82baad4df1ce5699c693bf512d993c06\"
\"07:05:15.793 nochip   /session/pp_82baad4df1ce5699c693bf512d993c06\"
\"07:05:16.541 nochip   /session/pp_82baad4df1ce5699c693bf512d993c06\"
\"07:05:17.278 nochip   /session/pp_82baad4df1ce5699c693bf512d993c06\"
\"07:05:18.007 nochip   /session/pp_82baad4df1ce5699c693bf512d993c06\"
\"07:05:18.744 nochip   /session/pp_82baad4df1ce5699c693bf512d993c06\"
\"07:05:19.449 nochip   /session/pp_82baad4df1ce5699c693bf512d993c06\"
\"07:05:20.199 nochip   /session/pp_82baad4df1ce5699c693bf512d993c06\"
\"07:05:20.962 nochip   /session/pp_82baad4df1ce5699c693bf512d993c06\"
\"07:05:21.679 nochip   /session/pp_82baad4df1ce5699c693bf512d993c06\"
\"07:05:22.581 nochip   /session/pp_82baad4df1ce5699c693bf512d993c06\"
\"07:05:23.389 nochip   /session/pp_82baad4df1ce5699c693bf512d993c06\"
