yarn run v1.22.22
$ node scripts/diagnostics/application/runSuite.mjs --fast

=== MUXR SUITE (fast lane) ===

PASS  typecheck: workspace (strict)  (3.9s)
PASS  typecheck: mobile (expo/RN)  (7.2s)
PASS  unit: crypto (pairing and grant proofs)  (0.1s)
PASS  unit: host domain (unread/attention/restart)  (0.1s)
PASS  unit: contract vocabulary round-trip  (0.1s)
PASS  unit: naming boundary (auth/target/failure/restart)  (13.1s)
PASS  policy: package architecture (module boundaries, domain purity, no nested ternaries)  (0.1s)
PASS  unit: layout snapshot round-trip  (0.1s)
PASS  unit: setup domain (pairing/connection/crypto)  (0.0s)
PASS  unit: service commands stay in their MUXR_HOME scope  (0.1s)
PASS  policy: host/relay architecture  (1.2s)
PASS  unit: all vitest flows  (27.7s)
PASS  unit: perf gate (gesture metrics, warm-probe gates, node --test)  (0.5s)
PASS  policy: mobile architecture  (1.1s)
PASS  policy: tooling architecture (feature boundaries, layers, no nested ternaries)  (0.1s)

=== 15/15 passed in 55.5s ===
Done in 55.55s.
